18:29:22 **** Incremental Build of configuration Debug for project CAN_Normal_Mode_2Nodes ****
make -j4 all 
arm-none-eabi-gcc "../Core/Src/main_app.c" -mcpu=cortex-m4 -std=gnu11 -g3 -DDEBUG -DUSE_HAL_DRIVER -DSTM32F446xx -c -I../Core/Inc -I../Drivers/STM32F4xx_HAL_Driver/Inc -I../Drivers/STM32F4xx_HAL_Driver/Inc/Legacy -I../Drivers/CMSIS/Device/ST/STM32F4xx/Include -I../Drivers/CMSIS/Include -O0 -ffunction-sections -fdata-sections -Wall -fstack-usage -fcyclomatic-complexity -MMD -MP -MF"Core/Src/main_app.d" -MT"Core/Src/main_app.o" --specs=nano.specs -mfpu=fpv4-sp-d16 -mfloat-abi=hard -mthumb -o "Core/Src/main_app.o"
arm-none-eabi-gcc -o "CAN_Normal_Mode_2Nodes.elf" @"objects.list"   -mcpu=cortex-m4 -T"C:\Users\shrey\STM32CubeIDE\MasteringMCU2\Source_codes\STM32CubeIDE\MasteringMCU2\CAN_Normal_Mode_2Nodes\STM32F446RETX_FLASH.ld" --specs=nosys.specs -Wl,-Map="CAN_Normal_Mode_2Nodes.map" -Wl,--gc-sections -static --specs=nano.specs -mfpu=fpv4-sp-d16 -mfloat-abi=hard -mthumb -Wl,--start-group -lc -lm -Wl,--end-group
C:/ST/STM32CubeIDE_1.15.0/STM32CubeIDE/plugins/com.st.stm32cube.ide.mcu.externaltools.gnu-tools-for-stm32.12.3.rel1.win32_1.0.100.202403111256/tools/bin/../lib/gcc/arm-none-eabi/12.3.1/../../../../arm-none-eabi/bin/ld.exe: warning: CAN_Normal_Mode_2Nodes.elf has a LOAD segment with RWX permissions
Finished building target: CAN_Normal_Mode_2Nodes.elf
 
arm-none-eabi-size  CAN_Normal_Mode_2Nodes.elf 
arm-none-eabi-objdump -h -S CAN_Normal_Mode_2Nodes.elf  > "CAN_Normal_Mode_2Nodes.list"
   text	   data	    bss	    dec	    hex	filename
  18040	    100	   2116	  20256	   4f20	CAN_Normal_Mode_2Nodes.elf
Finished building: default.size.stdout
 
Finished building: CAN_Normal_Mode_2Nodes.list
 

18:29:25 Build Finished. 0 errors, 1 warnings. (took 3s.493ms)

