18:37:46 **** Incremental Build of configuration Debug for project UART2_Example_IT ****
make -j4 all 
arm-none-eabi-gcc "../Core/Src/main_app.c" -mcpu=cortex-m4 -std=gnu11 -g3 -DDEBUG -DUSE_HAL_DRIVER -DSTM32F446xx -c -I../Core/Inc -I../Drivers/STM32F4xx_HAL_Driver/Inc -I../Drivers/STM32F4xx_HAL_Driver/Inc/Legacy -I../Drivers/CMSIS/Device/ST/STM32F4xx/Include -I../Drivers/CMSIS/Include -O0 -ffunction-sections -fdata-sections -Wall -fstack-usage -fcyclomatic-complexity -MMD -MP -MF"Core/Src/main_app.d" -MT"Core/Src/main_app.o" --specs=nano.specs -mfpu=fpv4-sp-d16 -mfloat-abi=hard -mthumb -o "Core/Src/main_app.o"
arm-none-eabi-gcc -o "UART2_Example_IT.elf" @"objects.list"   -mcpu=cortex-m4 -T"C:\Users\shrey\STM32CubeIDE\MasteringMCU2\Source_codes\STM32CubeIDE\MasteringMCU2\UART2_Example_IT\STM32F446RETX_FLASH.ld" --specs=nosys.specs -Wl,-Map="UART2_Example_IT.map" -Wl,--gc-sections -static --specs=nano.specs -mfpu=fpv4-sp-d16 -mfloat-abi=hard -mthumb -Wl,--start-group -lc -lm -Wl,--end-group
C:/ST/STM32CubeIDE_1.15.0/STM32CubeIDE/plugins/com.st.stm32cube.ide.mcu.externaltools.gnu-tools-for-stm32.12.3.rel1.win32_1.0.100.202403111256/tools/bin/../lib/gcc/arm-none-eabi/12.3.1/../../../../arm-none-eabi/bin/ld.exe: warning: UART2_Example_IT.elf has a LOAD segment with RWX permissions
Finished building target: UART2_Example_IT.elf
 
arm-none-eabi-size  UART2_Example_IT.elf 
arm-none-eabi-objdump -h -S UART2_Example_IT.elf  > "UART2_Example_IT.list"
   text	   data	    bss	    dec	    hex	filename
   8416	     24	   1752	  10192	   27d0	UART2_Example_IT.elf
Finished building: default.size.stdout
 
Finished building: UART2_Example_IT.list
 

18:37:47 Build Finished. 0 errors, 1 warnings. (took 1s.429ms)

