20:41:17 **** Build of configuration Debug for project backupSRAM_Standby ****
make all 
Building file: ../startup/startup_stm32f446xx.s
Invoking: MCU GCC Assembler
E:\Workspace\STM32WBworkspace\MasteringMCU2\AC6\R\MasteringMCU2\backupSRAM_Standby\Debug
arm-none-eabi-as -mcpu=cortex-m4 -mthumb -mfloat-abi=hard -mfpu=fpv4-sp-d16 -g -o "startup/startup_stm32f446xx.o" "../startup/startup_stm32f446xx.s"
Finished building: ../startup/startup_stm32f446xx.s
 
Building file: ../Src/data.c
Invoking: MCU GCC Compiler
E:\Workspace\STM32WBworkspace\MasteringMCU2\AC6\R\MasteringMCU2\backupSRAM_Standby\Debug
arm-none-eabi-gcc -mcpu=cortex-m4 -mthumb -mfloat-abi=hard -mfpu=fpv4-sp-d16 '-D__weak=__attribute__((weak))' '-D__packed=__attribute__((__packed__))' -DUSE_HAL_DRIVER -DSTM32F446xx -I"E:/Workspace/STM32WBworkspace/MasteringMCU2/AC6/R/MasteringMCU2/backupSRAM_Standby/Inc" -I"E:/Workspace/STM32WBworkspace/MasteringMCU2/AC6/R/MasteringMCU2/backupSRAM_Standby/Drivers/STM32F4xx_HAL_Driver/Inc" -I"E:/Workspace/STM32WBworkspace/MasteringMCU2/AC6/R/MasteringMCU2/backupSRAM_Standby/Drivers/STM32F4xx_HAL_Driver/Inc/Legacy" -I"E:/Workspace/STM32WBworkspace/MasteringMCU2/AC6/R/MasteringMCU2/backupSRAM_Standby/Drivers/CMSIS/Device/ST/STM32F4xx/Include" -I"E:/Workspace/STM32WBworkspace/MasteringMCU2/AC6/R/MasteringMCU2/backupSRAM_Standby/Drivers/CMSIS/Include"  -Og -g3 -Wall -fmessage-length=0 -ffunction-sections -c -fmessage-length=0 -MMD -MP -MF"Src/data.d" -MT"Src/data.o" -o "Src/data.o" "../Src/data.c"
Finished building: ../Src/data.c
 
Building file: ../Src/it.c
Invoking: MCU GCC Compiler
E:\Workspace\STM32WBworkspace\MasteringMCU2\AC6\R\MasteringMCU2\backupSRAM_Standby\Debug
arm-none-eabi-gcc -mcpu=cortex-m4 -mthumb -mfloat-abi=hard -mfpu=fpv4-sp-d16 '-D__weak=__attribute__((weak))' '-D__packed=__attribute__((__packed__))' -DUSE_HAL_DRIVER -DSTM32F446xx -I"E:/Workspace/STM32WBworkspace/MasteringMCU2/AC6/R/MasteringMCU2/backupSRAM_Standby/Inc" -I"E:/Workspace/STM32WBworkspace/MasteringMCU2/AC6/R/MasteringMCU2/backupSRAM_Standby/Drivers/STM32F4xx_HAL_Driver/Inc" -I"E:/Workspace/STM32WBworkspace/MasteringMCU2/AC6/R/MasteringMCU2/backupSRAM_Standby/Drivers/STM32F4xx_HAL_Driver/Inc/Legacy" -I"E:/Workspace/STM32WBworkspace/MasteringMCU2/AC6/R/MasteringMCU2/backupSRAM_Standby/Drivers/CMSIS/Device/ST/STM32F4xx/Include" -I"E:/Workspace/STM32WBworkspace/MasteringMCU2/AC6/R/MasteringMCU2/backupSRAM_Standby/Drivers/CMSIS/Include"  -Og -g3 -Wall -fmessage-length=0 -ffunction-sections -c -fmessage-length=0 -MMD -MP -MF"Src/it.d" -MT"Src/it.o" -o "Src/it.o" "../Src/it.c"
Finished building: ../Src/it.c
 
Building file: ../Src/main.c
Invoking: MCU GCC Compiler
E:\Workspace\STM32WBworkspace\MasteringMCU2\AC6\R\MasteringMCU2\backupSRAM_Standby\Debug
arm-none-eabi-gcc -mcpu=cortex-m4 -mthumb -mfloat-abi=hard -mfpu=fpv4-sp-d16 '-D__weak=__attribute__((weak))' '-D__packed=__attribute__((__packed__))' -DUSE_HAL_DRIVER -DSTM32F446xx -I"E:/Workspace/STM32WBworkspace/MasteringMCU2/AC6/R/MasteringMCU2/backupSRAM_Standby/Inc" -I"E:/Workspace/STM32WBworkspace/MasteringMCU2/AC6/R/MasteringMCU2/backupSRAM_Standby/Drivers/STM32F4xx_HAL_Driver/Inc" -I"E:/Workspace/STM32WBworkspace/MasteringMCU2/AC6/R/MasteringMCU2/backupSRAM_Standby/Drivers/STM32F4xx_HAL_Driver/Inc/Legacy" -I"E:/Workspace/STM32WBworkspace/MasteringMCU2/AC6/R/MasteringMCU2/backupSRAM_Standby/Drivers/CMSIS/Device/ST/STM32F4xx/Include" -I"E:/Workspace/STM32WBworkspace/MasteringMCU2/AC6/R/MasteringMCU2/backupSRAM_Standby/Drivers/CMSIS/Include"  -Og -g3 -Wall -fmessage-length=0 -ffunction-sections -c -fmessage-length=0 -MMD -MP -MF"Src/main.d" -MT"Src/main.o" -o "Src/main.o" "../Src/main.c"
../Src/main.c: In function 'GPIO_Init':
../Src/main.c:182:19: warning: unused variable 'ledgpio' [-Wunused-variable]
  GPIO_InitTypeDef ledgpio , buttongpio;
                   ^~~~~~~
Finished building: ../Src/main.c
 
Building file: ../Src/msp.c
Invoking: MCU GCC Compiler
E:\Workspace\STM32WBworkspace\MasteringMCU2\AC6\R\MasteringMCU2\backupSRAM_Standby\Debug
arm-none-eabi-gcc -mcpu=cortex-m4 -mthumb -mfloat-abi=hard -mfpu=fpv4-sp-d16 '-D__weak=__attribute__((weak))' '-D__packed=__attribute__((__packed__))' -DUSE_HAL_DRIVER -DSTM32F446xx -I"E:/Workspace/STM32WBworkspace/MasteringMCU2/AC6/R/MasteringMCU2/backupSRAM_Standby/Inc" -I"E:/Workspace/STM32WBworkspace/MasteringMCU2/AC6/R/MasteringMCU2/backupSRAM_Standby/Drivers/STM32F4xx_HAL_Driver/Inc" -I"E:/Workspace/STM32WBworkspace/MasteringMCU2/AC6/R/MasteringMCU2/backupSRAM_Standby/Drivers/STM32F4xx_HAL_Driver/Inc/Legacy" -I"E:/Workspace/STM32WBworkspace/MasteringMCU2/AC6/R/MasteringMCU2/backupSRAM_Standby/Drivers/CMSIS/Device/ST/STM32F4xx/Include" -I"E:/Workspace/STM32WBworkspace/MasteringMCU2/AC6/R/MasteringMCU2/backupSRAM_Standby/Drivers/CMSIS/Include"  -Og -g3 -Wall -fmessage-length=0 -ffunction-sections -c -fmessage-length=0 -MMD -MP -MF"Src/msp.d" -MT"Src/msp.o" -o "Src/msp.o" "../Src/msp.c"
Finished building: ../Src/msp.c
 
Building file: ../Src/system_stm32f4xx.c
Invoking: MCU GCC Compiler
E:\Workspace\STM32WBworkspace\MasteringMCU2\AC6\R\MasteringMCU2\backupSRAM_Standby\Debug
arm-none-eabi-gcc -mcpu=cortex-m4 -mthumb -mfloat-abi=hard -mfpu=fpv4-sp-d16 '-D__weak=__attribute__((weak))' '-D__packed=__attribute__((__packed__))' -DUSE_HAL_DRIVER -DSTM32F446xx -I"E:/Workspace/STM32WBworkspace/MasteringMCU2/AC6/R/MasteringMCU2/backupSRAM_Standby/Inc" -I"E:/Workspace/STM32WBworkspace/MasteringMCU2/AC6/R/MasteringMCU2/backupSRAM_Standby/Drivers/STM32F4xx_HAL_Driver/Inc" -I"E:/Workspace/STM32WBworkspace/MasteringMCU2/AC6/R/MasteringMCU2/backupSRAM_Standby/Drivers/STM32F4xx_HAL_Driver/Inc/Legacy" -I"E:/Workspace/STM32WBworkspace/MasteringMCU2/AC6/R/MasteringMCU2/backupSRAM_Standby/Drivers/CMSIS/Device/ST/STM32F4xx/Include" -I"E:/Workspace/STM32WBworkspace/MasteringMCU2/AC6/R/MasteringMCU2/backupSRAM_Standby/Drivers/CMSIS/Include"  -Og -g3 -Wall -fmessage-length=0 -ffunction-sections -c -fmessage-length=0 -MMD -MP -MF"Src/system_stm32f4xx.d" -MT"Src/system_stm32f4xx.o" -o "Src/system_stm32f4xx.o" "../Src/system_stm32f4xx.c"
Finished building: ../Src/system_stm32f4xx.c
 
Building file: ../Drivers/STM32F4xx_HAL_Driver/Src/stm32f4xx_hal.c
Invoking: MCU GCC Compiler
E:\Workspace\STM32WBworkspace\MasteringMCU2\AC6\R\MasteringMCU2\backupSRAM_Standby\Debug
arm-none-eabi-gcc -mcpu=cortex-m4 -mthumb -mfloat-abi=hard -mfpu=fpv4-sp-d16 '-D__weak=__attribute__((weak))' '-D__packed=__attribute__((__packed__))' -DUSE_HAL_DRIVER -DSTM32F446xx -I"E:/Workspace/STM32WBworkspace/MasteringMCU2/AC6/R/MasteringMCU2/backupSRAM_Standby/Inc" -I"E:/Workspace/STM32WBworkspace/MasteringMCU2/AC6/R/MasteringMCU2/backupSRAM_Standby/Drivers/STM32F4xx_HAL_Driver/Inc" -I"E:/Workspace/STM32WBworkspace/MasteringMCU2/AC6/R/MasteringMCU2/backupSRAM_Standby/Drivers/STM32F4xx_HAL_Driver/Inc/Legacy" -I"E:/Workspace/STM32WBworkspace/MasteringMCU2/AC6/R/MasteringMCU2/backupSRAM_Standby/Drivers/CMSIS/Device/ST/STM32F4xx/Include" -I"E:/Workspace/STM32WBworkspace/MasteringMCU2/AC6/R/MasteringMCU2/backupSRAM_Standby/Drivers/CMSIS/Include"  -Og -g3 -Wall -fmessage-length=0 -ffunction-sections -c -fmessage-length=0 -MMD -MP -MF"Drivers/STM32F4xx_HAL_Driver/Src/stm32f4xx_hal.d" -MT"Drivers/STM32F4xx_HAL_Driver/Src/stm32f4xx_hal.o" -o "Drivers/STM32F4xx_HAL_Driver/Src/stm32f4xx_hal.o" "../Drivers/STM32F4xx_HAL_Driver/Src/stm32f4xx_hal.c"
Finished building: ../Drivers/STM32F4xx_HAL_Driver/Src/stm32f4xx_hal.c
 
Building file: ../Drivers/STM32F4xx_HAL_Driver/Src/stm32f4xx_hal_cortex.c
Invoking: MCU GCC Compiler
E:\Workspace\STM32WBworkspace\MasteringMCU2\AC6\R\MasteringMCU2\backupSRAM_Standby\Debug
arm-none-eabi-gcc -mcpu=cortex-m4 -mthumb -mfloat-abi=hard -mfpu=fpv4-sp-d16 '-D__weak=__attribute__((weak))' '-D__packed=__attribute__((__packed__))' -DUSE_HAL_DRIVER -DSTM32F446xx -I"E:/Workspace/STM32WBworkspace/MasteringMCU2/AC6/R/MasteringMCU2/backupSRAM_Standby/Inc" -I"E:/Workspace/STM32WBworkspace/MasteringMCU2/AC6/R/MasteringMCU2/backupSRAM_Standby/Drivers/STM32F4xx_HAL_Driver/Inc" -I"E:/Workspace/STM32WBworkspace/MasteringMCU2/AC6/R/MasteringMCU2/backupSRAM_Standby/Drivers/STM32F4xx_HAL_Driver/Inc/Legacy" -I"E:/Workspace/STM32WBworkspace/MasteringMCU2/AC6/R/MasteringMCU2/backupSRAM_Standby/Drivers/CMSIS/Device/ST/STM32F4xx/Include" -I"E:/Workspace/STM32WBworkspace/MasteringMCU2/AC6/R/MasteringMCU2/backupSRAM_Standby/Drivers/CMSIS/Include"  -Og -g3 -Wall -fmessage-length=0 -ffunction-sections -c -fmessage-length=0 -MMD -MP -MF"Drivers/STM32F4xx_HAL_Driver/Src/stm32f4xx_hal_cortex.d" -MT"Drivers/STM32F4xx_HAL_Driver/Src/stm32f4xx_hal_cortex.o" -o "Drivers/STM32F4xx_HAL_Driver/Src/stm32f4xx_hal_cortex.o" "../Drivers/STM32F4xx_HAL_Driver/Src/stm32f4xx_hal_cortex.c"
Finished building: ../Drivers/STM32F4xx_HAL_Driver/Src/stm32f4xx_hal_cortex.c
 
Building file: ../Drivers/STM32F4xx_HAL_Driver/Src/stm32f4xx_hal_dma.c
Invoking: MCU GCC Compiler
E:\Workspace\STM32WBworkspace\MasteringMCU2\AC6\R\MasteringMCU2\backupSRAM_Standby\Debug
arm-none-eabi-gcc -mcpu=cortex-m4 -mthumb -mfloat-abi=hard -mfpu=fpv4-sp-d16 '-D__weak=__attribute__((weak))' '-D__packed=__attribute__((__packed__))' -DUSE_HAL_DRIVER -DSTM32F446xx -I"E:/Workspace/STM32WBworkspace/MasteringMCU2/AC6/R/MasteringMCU2/backupSRAM_Standby/Inc" -I"E:/Workspace/STM32WBworkspace/MasteringMCU2/AC6/R/MasteringMCU2/backupSRAM_Standby/Drivers/STM32F4xx_HAL_Driver/Inc" -I"E:/Workspace/STM32WBworkspace/MasteringMCU2/AC6/R/MasteringMCU2/backupSRAM_Standby/Drivers/STM32F4xx_HAL_Driver/Inc/Legacy" -I"E:/Workspace/STM32WBworkspace/MasteringMCU2/AC6/R/MasteringMCU2/backupSRAM_Standby/Drivers/CMSIS/Device/ST/STM32F4xx/Include" -I"E:/Workspace/STM32WBworkspace/MasteringMCU2/AC6/R/MasteringMCU2/backupSRAM_Standby/Drivers/CMSIS/Include"  -Og -g3 -Wall -fmessage-length=0 -ffunction-sections -c -fmessage-length=0 -MMD -MP -MF"Drivers/STM32F4xx_HAL_Driver/Src/stm32f4xx_hal_dma.d" -MT"Drivers/STM32F4xx_HAL_Driver/Src/stm32f4xx_hal_dma.o" -o "Drivers/STM32F4xx_HAL_Driver/Src/stm32f4xx_hal_dma.o" "../Drivers/STM32F4xx_HAL_Driver/Src/stm32f4xx_hal_dma.c"
Finished building: ../Drivers/STM32F4xx_HAL_Driver/Src/stm32f4xx_hal_dma.c
 
Building file: ../Drivers/STM32F4xx_HAL_Driver/Src/stm32f4xx_hal_dma_ex.c
Invoking: MCU GCC Compiler
E:\Workspace\STM32WBworkspace\MasteringMCU2\AC6\R\MasteringMCU2\backupSRAM_Standby\Debug
arm-none-eabi-gcc -mcpu=cortex-m4 -mthumb -mfloat-abi=hard -mfpu=fpv4-sp-d16 '-D__weak=__attribute__((weak))' '-D__packed=__attribute__((__packed__))' -DUSE_HAL_DRIVER -DSTM32F446xx -I"E:/Workspace/STM32WBworkspace/MasteringMCU2/AC6/R/MasteringMCU2/backupSRAM_Standby/Inc" -I"E:/Workspace/STM32WBworkspace/MasteringMCU2/AC6/R/MasteringMCU2/backupSRAM_Standby/Drivers/STM32F4xx_HAL_Driver/Inc" -I"E:/Workspace/STM32WBworkspace/MasteringMCU2/AC6/R/MasteringMCU2/backupSRAM_Standby/Drivers/STM32F4xx_HAL_Driver/Inc/Legacy" -I"E:/Workspace/STM32WBworkspace/MasteringMCU2/AC6/R/MasteringMCU2/backupSRAM_Standby/Drivers/CMSIS/Device/ST/STM32F4xx/Include" -I"E:/Workspace/STM32WBworkspace/MasteringMCU2/AC6/R/MasteringMCU2/backupSRAM_Standby/Drivers/CMSIS/Include"  -Og -g3 -Wall -fmessage-length=0 -ffunction-sections -c -fmessage-length=0 -MMD -MP -MF"Drivers/STM32F4xx_HAL_Driver/Src/stm32f4xx_hal_dma_ex.d" -MT"Drivers/STM32F4xx_HAL_Driver/Src/stm32f4xx_hal_dma_ex.o" -o "Drivers/STM32F4xx_HAL_Driver/Src/stm32f4xx_hal_dma_ex.o" "../Drivers/STM32F4xx_HAL_Driver/Src/stm32f4xx_hal_dma_ex.c"
Finished building: ../Drivers/STM32F4xx_HAL_Driver/Src/stm32f4xx_hal_dma_ex.c
 
Building file: ../Drivers/STM32F4xx_HAL_Driver/Src/stm32f4xx_hal_flash.c
Invoking: MCU GCC Compiler
E:\Workspace\STM32WBworkspace\MasteringMCU2\AC6\R\MasteringMCU2\backupSRAM_Standby\Debug
arm-none-eabi-gcc -mcpu=cortex-m4 -mthumb -mfloat-abi=hard -mfpu=fpv4-sp-d16 '-D__weak=__attribute__((weak))' '-D__packed=__attribute__((__packed__))' -DUSE_HAL_DRIVER -DSTM32F446xx -I"E:/Workspace/STM32WBworkspace/MasteringMCU2/AC6/R/MasteringMCU2/backupSRAM_Standby/Inc" -I"E:/Workspace/STM32WBworkspace/MasteringMCU2/AC6/R/MasteringMCU2/backupSRAM_Standby/Drivers/STM32F4xx_HAL_Driver/Inc" -I"E:/Workspace/STM32WBworkspace/MasteringMCU2/AC6/R/MasteringMCU2/backupSRAM_Standby/Drivers/STM32F4xx_HAL_Driver/Inc/Legacy" -I"E:/Workspace/STM32WBworkspace/MasteringMCU2/AC6/R/MasteringMCU2/backupSRAM_Standby/Drivers/CMSIS/Device/ST/STM32F4xx/Include" -I"E:/Workspace/STM32WBworkspace/MasteringMCU2/AC6/R/MasteringMCU2/backupSRAM_Standby/Drivers/CMSIS/Include"  -Og -g3 -Wall -fmessage-length=0 -ffunction-sections -c -fmessage-length=0 -MMD -MP -MF"Drivers/STM32F4xx_HAL_Driver/Src/stm32f4xx_hal_flash.d" -MT"Drivers/STM32F4xx_HAL_Driver/Src/stm32f4xx_hal_flash.o" -o "Drivers/STM32F4xx_HAL_Driver/Src/stm32f4xx_hal_flash.o" "../Drivers/STM32F4xx_HAL_Driver/Src/stm32f4xx_hal_flash.c"
Finished building: ../Drivers/STM32F4xx_HAL_Driver/Src/stm32f4xx_hal_flash.c
 
Building file: ../Drivers/STM32F4xx_HAL_Driver/Src/stm32f4xx_hal_flash_ex.c
Invoking: MCU GCC Compiler
E:\Workspace\STM32WBworkspace\MasteringMCU2\AC6\R\MasteringMCU2\backupSRAM_Standby\Debug
arm-none-eabi-gcc -mcpu=cortex-m4 -mthumb -mfloat-abi=hard -mfpu=fpv4-sp-d16 '-D__weak=__attribute__((weak))' '-D__packed=__attribute__((__packed__))' -DUSE_HAL_DRIVER -DSTM32F446xx -I"E:/Workspace/STM32WBworkspace/MasteringMCU2/AC6/R/MasteringMCU2/backupSRAM_Standby/Inc" -I"E:/Workspace/STM32WBworkspace/MasteringMCU2/AC6/R/MasteringMCU2/backupSRAM_Standby/Drivers/STM32F4xx_HAL_Driver/Inc" -I"E:/Workspace/STM32WBworkspace/MasteringMCU2/AC6/R/MasteringMCU2/backupSRAM_Standby/Drivers/STM32F4xx_HAL_Driver/Inc/Legacy" -I"E:/Workspace/STM32WBworkspace/MasteringMCU2/AC6/R/MasteringMCU2/backupSRAM_Standby/Drivers/CMSIS/Device/ST/STM32F4xx/Include" -I"E:/Workspace/STM32WBworkspace/MasteringMCU2/AC6/R/MasteringMCU2/backupSRAM_Standby/Drivers/CMSIS/Include"  -Og -g3 -Wall -fmessage-length=0 -ffunction-sections -c -fmessage-length=0 -MMD -MP -MF"Drivers/STM32F4xx_HAL_Driver/Src/stm32f4xx_hal_flash_ex.d" -MT"Drivers/STM32F4xx_HAL_Driver/Src/stm32f4xx_hal_flash_ex.o" -o "Drivers/STM32F4xx_HAL_Driver/Src/stm32f4xx_hal_flash_ex.o" "../Drivers/STM32F4xx_HAL_Driver/Src/stm32f4xx_hal_flash_ex.c"
Finished building: ../Drivers/STM32F4xx_HAL_Driver/Src/stm32f4xx_hal_flash_ex.c
 
Building file: ../Drivers/STM32F4xx_HAL_Driver/Src/stm32f4xx_hal_flash_ramfunc.c
Invoking: MCU GCC Compiler
E:\Workspace\STM32WBworkspace\MasteringMCU2\AC6\R\MasteringMCU2\backupSRAM_Standby\Debug
arm-none-eabi-gcc -mcpu=cortex-m4 -mthumb -mfloat-abi=hard -mfpu=fpv4-sp-d16 '-D__weak=__attribute__((weak))' '-D__packed=__attribute__((__packed__))' -DUSE_HAL_DRIVER -DSTM32F446xx -I"E:/Workspace/STM32WBworkspace/MasteringMCU2/AC6/R/MasteringMCU2/backupSRAM_Standby/Inc" -I"E:/Workspace/STM32WBworkspace/MasteringMCU2/AC6/R/MasteringMCU2/backupSRAM_Standby/Drivers/STM32F4xx_HAL_Driver/Inc" -I"E:/Workspace/STM32WBworkspace/MasteringMCU2/AC6/R/MasteringMCU2/backupSRAM_Standby/Drivers/STM32F4xx_HAL_Driver/Inc/Legacy" -I"E:/Workspace/STM32WBworkspace/MasteringMCU2/AC6/R/MasteringMCU2/backupSRAM_Standby/Drivers/CMSIS/Device/ST/STM32F4xx/Include" -I"E:/Workspace/STM32WBworkspace/MasteringMCU2/AC6/R/MasteringMCU2/backupSRAM_Standby/Drivers/CMSIS/Include"  -Og -g3 -Wall -fmessage-length=0 -ffunction-sections -c -fmessage-length=0 -MMD -MP -MF"Drivers/STM32F4xx_HAL_Driver/Src/stm32f4xx_hal_flash_ramfunc.d" -MT"Drivers/STM32F4xx_HAL_Driver/Src/stm32f4xx_hal_flash_ramfunc.o" -o "Drivers/STM32F4xx_HAL_Driver/Src/stm32f4xx_hal_flash_ramfunc.o" "../Drivers/STM32F4xx_HAL_Driver/Src/stm32f4xx_hal_flash_ramfunc.c"
Finished building: ../Drivers/STM32F4xx_HAL_Driver/Src/stm32f4xx_hal_flash_ramfunc.c
 
Building file: ../Drivers/STM32F4xx_HAL_Driver/Src/stm32f4xx_hal_gpio.c
Invoking: MCU GCC Compiler
E:\Workspace\STM32WBworkspace\MasteringMCU2\AC6\R\MasteringMCU2\backupSRAM_Standby\Debug
arm-none-eabi-gcc -mcpu=cortex-m4 -mthumb -mfloat-abi=hard -mfpu=fpv4-sp-d16 '-D__weak=__attribute__((weak))' '-D__packed=__attribute__((__packed__))' -DUSE_HAL_DRIVER -DSTM32F446xx -I"E:/Workspace/STM32WBworkspace/MasteringMCU2/AC6/R/MasteringMCU2/backupSRAM_Standby/Inc" -I"E:/Workspace/STM32WBworkspace/MasteringMCU2/AC6/R/MasteringMCU2/backupSRAM_Standby/Drivers/STM32F4xx_HAL_Driver/Inc" -I"E:/Workspace/STM32WBworkspace/MasteringMCU2/AC6/R/MasteringMCU2/backupSRAM_Standby/Drivers/STM32F4xx_HAL_Driver/Inc/Legacy" -I"E:/Workspace/STM32WBworkspace/MasteringMCU2/AC6/R/MasteringMCU2/backupSRAM_Standby/Drivers/CMSIS/Device/ST/STM32F4xx/Include" -I"E:/Workspace/STM32WBworkspace/MasteringMCU2/AC6/R/MasteringMCU2/backupSRAM_Standby/Drivers/CMSIS/Include"  -Og -g3 -Wall -fmessage-length=0 -ffunction-sections -c -fmessage-length=0 -MMD -MP -MF"Drivers/STM32F4xx_HAL_Driver/Src/stm32f4xx_hal_gpio.d" -MT"Drivers/STM32F4xx_HAL_Driver/Src/stm32f4xx_hal_gpio.o" -o "Drivers/STM32F4xx_HAL_Driver/Src/stm32f4xx_hal_gpio.o" "../Drivers/STM32F4xx_HAL_Driver/Src/stm32f4xx_hal_gpio.c"
Finished building: ../Drivers/STM32F4xx_HAL_Driver/Src/stm32f4xx_hal_gpio.c
 
Building file: ../Drivers/STM32F4xx_HAL_Driver/Src/stm32f4xx_hal_pwr.c
Invoking: MCU GCC Compiler
E:\Workspace\STM32WBworkspace\MasteringMCU2\AC6\R\MasteringMCU2\backupSRAM_Standby\Debug
arm-none-eabi-gcc -mcpu=cortex-m4 -mthumb -mfloat-abi=hard -mfpu=fpv4-sp-d16 '-D__weak=__attribute__((weak))' '-D__packed=__attribute__((__packed__))' -DUSE_HAL_DRIVER -DSTM32F446xx -I"E:/Workspace/STM32WBworkspace/MasteringMCU2/AC6/R/MasteringMCU2/backupSRAM_Standby/Inc" -I"E:/Workspace/STM32WBworkspace/MasteringMCU2/AC6/R/MasteringMCU2/backupSRAM_Standby/Drivers/STM32F4xx_HAL_Driver/Inc" -I"E:/Workspace/STM32WBworkspace/MasteringMCU2/AC6/R/MasteringMCU2/backupSRAM_Standby/Drivers/STM32F4xx_HAL_Driver/Inc/Legacy" -I"E:/Workspace/STM32WBworkspace/MasteringMCU2/AC6/R/MasteringMCU2/backupSRAM_Standby/Drivers/CMSIS/Device/ST/STM32F4xx/Include" -I"E:/Workspace/STM32WBworkspace/MasteringMCU2/AC6/R/MasteringMCU2/backupSRAM_Standby/Drivers/CMSIS/Include"  -Og -g3 -Wall -fmessage-length=0 -ffunction-sections -c -fmessage-length=0 -MMD -MP -MF"Drivers/STM32F4xx_HAL_Driver/Src/stm32f4xx_hal_pwr.d" -MT"Drivers/STM32F4xx_HAL_Driver/Src/stm32f4xx_hal_pwr.o" -o "Drivers/STM32F4xx_HAL_Driver/Src/stm32f4xx_hal_pwr.o" "../Drivers/STM32F4xx_HAL_Driver/Src/stm32f4xx_hal_pwr.c"
Finished building: ../Drivers/STM32F4xx_HAL_Driver/Src/stm32f4xx_hal_pwr.c
 
Building file: ../Drivers/STM32F4xx_HAL_Driver/Src/stm32f4xx_hal_pwr_ex.c
Invoking: MCU GCC Compiler
E:\Workspace\STM32WBworkspace\MasteringMCU2\AC6\R\MasteringMCU2\backupSRAM_Standby\Debug
arm-none-eabi-gcc -mcpu=cortex-m4 -mthumb -mfloat-abi=hard -mfpu=fpv4-sp-d16 '-D__weak=__attribute__((weak))' '-D__packed=__attribute__((__packed__))' -DUSE_HAL_DRIVER -DSTM32F446xx -I"E:/Workspace/STM32WBworkspace/MasteringMCU2/AC6/R/MasteringMCU2/backupSRAM_Standby/Inc" -I"E:/Workspace/STM32WBworkspace/MasteringMCU2/AC6/R/MasteringMCU2/backupSRAM_Standby/Drivers/STM32F4xx_HAL_Driver/Inc" -I"E:/Workspace/STM32WBworkspace/MasteringMCU2/AC6/R/MasteringMCU2/backupSRAM_Standby/Drivers/STM32F4xx_HAL_Driver/Inc/Legacy" -I"E:/Workspace/STM32WBworkspace/MasteringMCU2/AC6/R/MasteringMCU2/backupSRAM_Standby/Drivers/CMSIS/Device/ST/STM32F4xx/Include" -I"E:/Workspace/STM32WBworkspace/MasteringMCU2/AC6/R/MasteringMCU2/backupSRAM_Standby/Drivers/CMSIS/Include"  -Og -g3 -Wall -fmessage-length=0 -ffunction-sections -c -fmessage-length=0 -MMD -MP -MF"Drivers/STM32F4xx_HAL_Driver/Src/stm32f4xx_hal_pwr_ex.d" -MT"Drivers/STM32F4xx_HAL_Driver/Src/stm32f4xx_hal_pwr_ex.o" -o "Drivers/STM32F4xx_HAL_Driver/Src/stm32f4xx_hal_pwr_ex.o" "../Drivers/STM32F4xx_HAL_Driver/Src/stm32f4xx_hal_pwr_ex.c"
Finished building: ../Drivers/STM32F4xx_HAL_Driver/Src/stm32f4xx_hal_pwr_ex.c
 
Building file: ../Drivers/STM32F4xx_HAL_Driver/Src/stm32f4xx_hal_rcc.c
Invoking: MCU GCC Compiler
E:\Workspace\STM32WBworkspace\MasteringMCU2\AC6\R\MasteringMCU2\backupSRAM_Standby\Debug
arm-none-eabi-gcc -mcpu=cortex-m4 -mthumb -mfloat-abi=hard -mfpu=fpv4-sp-d16 '-D__weak=__attribute__((weak))' '-D__packed=__attribute__((__packed__))' -DUSE_HAL_DRIVER -DSTM32F446xx -I"E:/Workspace/STM32WBworkspace/MasteringMCU2/AC6/R/MasteringMCU2/backupSRAM_Standby/Inc" -I"E:/Workspace/STM32WBworkspace/MasteringMCU2/AC6/R/MasteringMCU2/backupSRAM_Standby/Drivers/STM32F4xx_HAL_Driver/Inc" -I"E:/Workspace/STM32WBworkspace/MasteringMCU2/AC6/R/MasteringMCU2/backupSRAM_Standby/Drivers/STM32F4xx_HAL_Driver/Inc/Legacy" -I"E:/Workspace/STM32WBworkspace/MasteringMCU2/AC6/R/MasteringMCU2/backupSRAM_Standby/Drivers/CMSIS/Device/ST/STM32F4xx/Include" -I"E:/Workspace/STM32WBworkspace/MasteringMCU2/AC6/R/MasteringMCU2/backupSRAM_Standby/Drivers/CMSIS/Include"  -Og -g3 -Wall -fmessage-length=0 -ffunction-sections -c -fmessage-length=0 -MMD -MP -MF"Drivers/STM32F4xx_HAL_Driver/Src/stm32f4xx_hal_rcc.d" -MT"Drivers/STM32F4xx_HAL_Driver/Src/stm32f4xx_hal_rcc.o" -o "Drivers/STM32F4xx_HAL_Driver/Src/stm32f4xx_hal_rcc.o" "../Drivers/STM32F4xx_HAL_Driver/Src/stm32f4xx_hal_rcc.c"
Finished building: ../Drivers/STM32F4xx_HAL_Driver/Src/stm32f4xx_hal_rcc.c
 
Building file: ../Drivers/STM32F4xx_HAL_Driver/Src/stm32f4xx_hal_rcc_ex.c
Invoking: MCU GCC Compiler
E:\Workspace\STM32WBworkspace\MasteringMCU2\AC6\R\MasteringMCU2\backupSRAM_Standby\Debug
arm-none-eabi-gcc -mcpu=cortex-m4 -mthumb -mfloat-abi=hard -mfpu=fpv4-sp-d16 '-D__weak=__attribute__((weak))' '-D__packed=__attribute__((__packed__))' -DUSE_HAL_DRIVER -DSTM32F446xx -I"E:/Workspace/STM32WBworkspace/MasteringMCU2/AC6/R/MasteringMCU2/backupSRAM_Standby/Inc" -I"E:/Workspace/STM32WBworkspace/MasteringMCU2/AC6/R/MasteringMCU2/backupSRAM_Standby/Drivers/STM32F4xx_HAL_Driver/Inc" -I"E:/Workspace/STM32WBworkspace/MasteringMCU2/AC6/R/MasteringMCU2/backupSRAM_Standby/Drivers/STM32F4xx_HAL_Driver/Inc/Legacy" -I"E:/Workspace/STM32WBworkspace/MasteringMCU2/AC6/R/MasteringMCU2/backupSRAM_Standby/Drivers/CMSIS/Device/ST/STM32F4xx/Include" -I"E:/Workspace/STM32WBworkspace/MasteringMCU2/AC6/R/MasteringMCU2/backupSRAM_Standby/Drivers/CMSIS/Include"  -Og -g3 -Wall -fmessage-length=0 -ffunction-sections -c -fmessage-length=0 -MMD -MP -MF"Drivers/STM32F4xx_HAL_Driver/Src/stm32f4xx_hal_rcc_ex.d" -MT"Drivers/STM32F4xx_HAL_Driver/Src/stm32f4xx_hal_rcc_ex.o" -o "Drivers/STM32F4xx_HAL_Driver/Src/stm32f4xx_hal_rcc_ex.o" "../Drivers/STM32F4xx_HAL_Driver/Src/stm32f4xx_hal_rcc_ex.c"
Finished building: ../Drivers/STM32F4xx_HAL_Driver/Src/stm32f4xx_hal_rcc_ex.c
 
Building file: ../Drivers/STM32F4xx_HAL_Driver/Src/stm32f4xx_hal_tim.c
Invoking: MCU GCC Compiler
E:\Workspace\STM32WBworkspace\MasteringMCU2\AC6\R\MasteringMCU2\backupSRAM_Standby\Debug
arm-none-eabi-gcc -mcpu=cortex-m4 -mthumb -mfloat-abi=hard -mfpu=fpv4-sp-d16 '-D__weak=__attribute__((weak))' '-D__packed=__attribute__((__packed__))' -DUSE_HAL_DRIVER -DSTM32F446xx -I"E:/Workspace/STM32WBworkspace/MasteringMCU2/AC6/R/MasteringMCU2/backupSRAM_Standby/Inc" -I"E:/Workspace/STM32WBworkspace/MasteringMCU2/AC6/R/MasteringMCU2/backupSRAM_Standby/Drivers/STM32F4xx_HAL_Driver/Inc" -I"E:/Workspace/STM32WBworkspace/MasteringMCU2/AC6/R/MasteringMCU2/backupSRAM_Standby/Drivers/STM32F4xx_HAL_Driver/Inc/Legacy" -I"E:/Workspace/STM32WBworkspace/MasteringMCU2/AC6/R/MasteringMCU2/backupSRAM_Standby/Drivers/CMSIS/Device/ST/STM32F4xx/Include" -I"E:/Workspace/STM32WBworkspace/MasteringMCU2/AC6/R/MasteringMCU2/backupSRAM_Standby/Drivers/CMSIS/Include"  -Og -g3 -Wall -fmessage-length=0 -ffunction-sections -c -fmessage-length=0 -MMD -MP -MF"Drivers/STM32F4xx_HAL_Driver/Src/stm32f4xx_hal_tim.d" -MT"Drivers/STM32F4xx_HAL_Driver/Src/stm32f4xx_hal_tim.o" -o "Drivers/STM32F4xx_HAL_Driver/Src/stm32f4xx_hal_tim.o" "../Drivers/STM32F4xx_HAL_Driver/Src/stm32f4xx_hal_tim.c"
Finished building: ../Drivers/STM32F4xx_HAL_Driver/Src/stm32f4xx_hal_tim.c
 
Building file: ../Drivers/STM32F4xx_HAL_Driver/Src/stm32f4xx_hal_tim_ex.c
Invoking: MCU GCC Compiler
E:\Workspace\STM32WBworkspace\MasteringMCU2\AC6\R\MasteringMCU2\backupSRAM_Standby\Debug
arm-none-eabi-gcc -mcpu=cortex-m4 -mthumb -mfloat-abi=hard -mfpu=fpv4-sp-d16 '-D__weak=__attribute__((weak))' '-D__packed=__attribute__((__packed__))' -DUSE_HAL_DRIVER -DSTM32F446xx -I"E:/Workspace/STM32WBworkspace/MasteringMCU2/AC6/R/MasteringMCU2/backupSRAM_Standby/Inc" -I"E:/Workspace/STM32WBworkspace/MasteringMCU2/AC6/R/MasteringMCU2/backupSRAM_Standby/Drivers/STM32F4xx_HAL_Driver/Inc" -I"E:/Workspace/STM32WBworkspace/MasteringMCU2/AC6/R/MasteringMCU2/backupSRAM_Standby/Drivers/STM32F4xx_HAL_Driver/Inc/Legacy" -I"E:/Workspace/STM32WBworkspace/MasteringMCU2/AC6/R/MasteringMCU2/backupSRAM_Standby/Drivers/CMSIS/Device/ST/STM32F4xx/Include" -I"E:/Workspace/STM32WBworkspace/MasteringMCU2/AC6/R/MasteringMCU2/backupSRAM_Standby/Drivers/CMSIS/Include"  -Og -g3 -Wall -fmessage-length=0 -ffunction-sections -c -fmessage-length=0 -MMD -MP -MF"Drivers/STM32F4xx_HAL_Driver/Src/stm32f4xx_hal_tim_ex.d" -MT"Drivers/STM32F4xx_HAL_Driver/Src/stm32f4xx_hal_tim_ex.o" -o "Drivers/STM32F4xx_HAL_Driver/Src/stm32f4xx_hal_tim_ex.o" "../Drivers/STM32F4xx_HAL_Driver/Src/stm32f4xx_hal_tim_ex.c"
Finished building: ../Drivers/STM32F4xx_HAL_Driver/Src/stm32f4xx_hal_tim_ex.c
 
Building file: ../Drivers/STM32F4xx_HAL_Driver/Src/stm32f4xx_hal_uart.c
Invoking: MCU GCC Compiler
E:\Workspace\STM32WBworkspace\MasteringMCU2\AC6\R\MasteringMCU2\backupSRAM_Standby\Debug
arm-none-eabi-gcc -mcpu=cortex-m4 -mthumb -mfloat-abi=hard -mfpu=fpv4-sp-d16 '-D__weak=__attribute__((weak))' '-D__packed=__attribute__((__packed__))' -DUSE_HAL_DRIVER -DSTM32F446xx -I"E:/Workspace/STM32WBworkspace/MasteringMCU2/AC6/R/MasteringMCU2/backupSRAM_Standby/Inc" -I"E:/Workspace/STM32WBworkspace/MasteringMCU2/AC6/R/MasteringMCU2/backupSRAM_Standby/Drivers/STM32F4xx_HAL_Driver/Inc" -I"E:/Workspace/STM32WBworkspace/MasteringMCU2/AC6/R/MasteringMCU2/backupSRAM_Standby/Drivers/STM32F4xx_HAL_Driver/Inc/Legacy" -I"E:/Workspace/STM32WBworkspace/MasteringMCU2/AC6/R/MasteringMCU2/backupSRAM_Standby/Drivers/CMSIS/Device/ST/STM32F4xx/Include" -I"E:/Workspace/STM32WBworkspace/MasteringMCU2/AC6/R/MasteringMCU2/backupSRAM_Standby/Drivers/CMSIS/Include"  -Og -g3 -Wall -fmessage-length=0 -ffunction-sections -c -fmessage-length=0 -MMD -MP -MF"Drivers/STM32F4xx_HAL_Driver/Src/stm32f4xx_hal_uart.d" -MT"Drivers/STM32F4xx_HAL_Driver/Src/stm32f4xx_hal_uart.o" -o "Drivers/STM32F4xx_HAL_Driver/Src/stm32f4xx_hal_uart.o" "../Drivers/STM32F4xx_HAL_Driver/Src/stm32f4xx_hal_uart.c"
Finished building: ../Drivers/STM32F4xx_HAL_Driver/Src/stm32f4xx_hal_uart.c
 
Building target: backupSRAM_Standby.elf
Invoking: MCU GCC Linker
arm-none-eabi-gcc -mcpu=cortex-m4 -mthumb -mfloat-abi=hard -mfpu=fpv4-sp-d16 -specs=nosys.specs -specs=nano.specs -T"../STM32F446RETx_FLASH.ld" -Wl,-Map=output.map -Wl,--gc-sections -o "backupSRAM_Standby.elf" @"objects.list"   -lm
Finished building target: backupSRAM_Standby.elf
 
make --no-print-directory post-build
Generating binary and Printing size information:
arm-none-eabi-objcopy -O binary "backupSRAM_Standby.elf" "backupSRAM_Standby.bin"
arm-none-eabi-size "backupSRAM_Standby.elf"
   text	   data	    bss	    dec	    hex	filename
   3564	     56	   1632	   5252	   1484	backupSRAM_Standby.elf
 

20:41:35 Build Finished (took 18s.730ms)

