10:39:45 **** Incremental Build of configuration Debug for project Current_Measurement_Standby_Mode ****
make all 
Building file: ../src/main.c
Invoking: MCU GCC Compiler
C:\Users\shrey\STM32CubeIDE\MasteringMCU2\Source_codes\OpenStm32SWB\MasteringMCU2\Current_Measurement_Standby_Mode\Debug
arm-none-eabi-gcc -mcpu=cortex-m4 -mthumb -mfloat-abi=hard -mfpu=fpv4-sp-d16 -DSTM32 -DSTM32F4 -DSTM32F446RETx -DNUCLEO_F446RE -DDEBUG -DSTM32F446xx -DUSE_STDPERIPH_DRIVER -I"C:/Users/shrey/STM32CubeIDE/MasteringMCU2/Source_codes/OpenStm32SWB/MasteringMCU2/Current_Measurement_Standby_Mode/StdPeriph_Driver/inc" -I"C:/Users/shrey/STM32CubeIDE/MasteringMCU2/Source_codes/OpenStm32SWB/MasteringMCU2/Current_Measurement_Standby_Mode/inc" -I"C:/Users/shrey/STM32CubeIDE/MasteringMCU2/Source_codes/OpenStm32SWB/MasteringMCU2/Current_Measurement_Standby_Mode/CMSIS/device" -I"C:/Users/shrey/STM32CubeIDE/MasteringMCU2/Source_codes/OpenStm32SWB/MasteringMCU2/Current_Measurement_Standby_Mode/CMSIS/core" -O0 -g3 -Wall -fmessage-length=0 -ffunction-sections -c -MMD -MP -MF"src/main.d" -MT"src/main.o" -o "src/main.o" "../src/main.c"
../src/main.c:272:13: warning: 'Mode_Exit' defined but not used [-Wunused-function]
 static void Mode_Exit (void)
             ^~~~~~~~~
Finished building: ../src/main.c
 
Building target: Current_Measurement_Standby_Mode.elf
Invoking: MCU GCC Linker
arm-none-eabi-gcc -mcpu=cortex-m4 -mthumb -mfloat-abi=hard -mfpu=fpv4-sp-d16 -T"C:/Users/shrey/STM32CubeIDE/MasteringMCU2/Source_codes/OpenStm32SWB/MasteringMCU2/Current_Measurement_Standby_Mode/LinkerScript.ld" -Wl,-Map=output.map -Wl,--gc-sections -o "Current_Measurement_Standby_Mode.elf" @"objects.list"   -lm
Finished building target: Current_Measurement_Standby_Mode.elf
 
make --no-print-directory post-build
Generating binary and Printing size information:
arm-none-eabi-objcopy -O binary "Current_Measurement_Standby_Mode.elf" "Current_Measurement_Standby_Mode.bin"
arm-none-eabi-size "Current_Measurement_Standby_Mode.elf"
   text	   data	    bss	    dec	    hex	filename
   4900	   1080	   1100	   7080	   1ba8	Current_Measurement_Standby_Mode.elf
 

10:39:47 Build Finished (took 1s.912ms)

