10:40:18 **** Build of configuration Debug for project HSE_SYSCLK_8Mhz ****
make all 
Building file: ../Src/main.c
Invoking: MCU GCC Compiler
C:\Users\shrey\STM32CubeIDE\MasteringMCU2\Source_codes\OpenStm32SWB\MasteringMCU2\HSE_SYSCLK_8Mhz\Debug
arm-none-eabi-gcc -mcpu=cortex-m4 -mthumb -mfloat-abi=hard -mfpu=fpv4-sp-d16 '-D__weak=__attribute__((weak))' '-D__packed=__attribute__((__packed__))' -DUSE_HAL_DRIVER -DSTM32F446xx -I"C:/Users/shrey/STM32CubeIDE/MasteringMCU2/Source_codes/OpenStm32SWB/MasteringMCU2/HSE_SYSCLK_8Mhz/Inc" -I"C:/Users/shrey/STM32CubeIDE/MasteringMCU2/Source_codes/OpenStm32SWB/MasteringMCU2/HSE_SYSCLK_8Mhz/Drivers/STM32F4xx_HAL_Driver/Inc" -I"C:/Users/shrey/STM32CubeIDE/MasteringMCU2/Source_codes/OpenStm32SWB/MasteringMCU2/HSE_SYSCLK_8Mhz/Drivers/STM32F4xx_HAL_Driver/Inc/Legacy" -I"C:/Users/shrey/STM32CubeIDE/MasteringMCU2/Source_codes/OpenStm32SWB/MasteringMCU2/HSE_SYSCLK_8Mhz/Drivers/CMSIS/Device/ST/STM32F4xx/Include" -I"C:/Users/shrey/STM32CubeIDE/MasteringMCU2/Source_codes/OpenStm32SWB/MasteringMCU2/HSE_SYSCLK_8Mhz/Drivers/CMSIS/Include"  -Og -g3 -Wall -fmessage-length=0 -ffunction-sections -c -fmessage-length=0 -MMD -MP -MF"Src/main.d" -MT"Src/main.o" -o "Src/main.o" "../Src/main.c"
Finished building: ../Src/main.c
 
Building target: HSE_SYSCLK_8Mhz.elf
Invoking: MCU GCC Linker
arm-none-eabi-gcc -mcpu=cortex-m4 -mthumb -mfloat-abi=hard -mfpu=fpv4-sp-d16 -specs=nosys.specs -specs=nano.specs -T"../STM32F446RETx_FLASH.ld" -Wl,-Map=output.map -Wl,--gc-sections -o "HSE_SYSCLK_8Mhz.elf" @"objects.list"   -lm
Finished building target: HSE_SYSCLK_8Mhz.elf
 
make --no-print-directory post-build
Generating binary and Printing size information:
arm-none-eabi-objcopy -O binary "HSE_SYSCLK_8Mhz.elf" "HSE_SYSCLK_8Mhz.bin"
arm-none-eabi-size "HSE_SYSCLK_8Mhz.elf"
   text	   data	    bss	    dec	    hex	filename
   8404	    120	   1648	  10172	   27bc	HSE_SYSCLK_8Mhz.elf
 

10:40:19 Build Finished (took 1s.709ms)

