10:40:31 **** Build of configuration Debug for project PLL_SYSCLK ****
make all 
Building file: ../Src/main.c
Invoking: MCU GCC Compiler
C:\Users\shrey\STM32CubeIDE\MasteringMCU2\Source_codes\OpenStm32SWB\MasteringMCU2\PLL_SYSCLK\Debug
arm-none-eabi-gcc -mcpu=cortex-m4 -mthumb -mfloat-abi=hard -mfpu=fpv4-sp-d16 '-D__weak=__attribute__((weak))' '-D__packed=__attribute__((__packed__))' -DUSE_HAL_DRIVER -DSTM32F446xx -I"C:/Users/shrey/STM32CubeIDE/MasteringMCU2/Source_codes/OpenStm32SWB/MasteringMCU2/PLL_SYSCLK/Inc" -I"C:/Users/shrey/STM32CubeIDE/MasteringMCU2/Source_codes/OpenStm32SWB/MasteringMCU2/PLL_SYSCLK/Drivers/STM32F4xx_HAL_Driver/Inc" -I"C:/Users/shrey/STM32CubeIDE/MasteringMCU2/Source_codes/OpenStm32SWB/MasteringMCU2/PLL_SYSCLK/Drivers/STM32F4xx_HAL_Driver/Inc/Legacy" -I"C:/Users/shrey/STM32CubeIDE/MasteringMCU2/Source_codes/OpenStm32SWB/MasteringMCU2/PLL_SYSCLK/Drivers/CMSIS/Device/ST/STM32F4xx/Include" -I"C:/Users/shrey/STM32CubeIDE/MasteringMCU2/Source_codes/OpenStm32SWB/MasteringMCU2/PLL_SYSCLK/Drivers/CMSIS/Include"  -Og -g3 -Wall -fmessage-length=0 -ffunction-sections -c -fmessage-length=0 -MMD -MP -MF"Src/main.d" -MT"Src/main.o" -o "Src/main.o" "../Src/main.c"
../Src/main.c: In function 'main':
../Src/main.c:49:3: warning: this 'while' clause does not guard... [-Wmisleading-indentation]
   while(1);
   ^~~~~
../Src/main.c:51:2: note: ...this statement, but the latter is misleadingly indented as if it were guarded by the 'while'
  return 0;
  ^~~~~~
Finished building: ../Src/main.c
 
Building target: PLL_SYSCLK.elf
Invoking: MCU GCC Linker
arm-none-eabi-gcc -mcpu=cortex-m4 -mthumb -mfloat-abi=hard -mfpu=fpv4-sp-d16 -specs=nosys.specs -specs=nano.specs -T"../STM32F446RETx_FLASH.ld" -Wl,-Map=output.map -Wl,--gc-sections -o "PLL_SYSCLK.elf" @"objects.list"   -lm
Finished building target: PLL_SYSCLK.elf
 
make --no-print-directory post-build
Generating binary and Printing size information:
arm-none-eabi-objcopy -O binary "PLL_SYSCLK.elf" "PLL_SYSCLK.bin"
arm-none-eabi-size "PLL_SYSCLK.elf"
   text	   data	    bss	    dec	    hex	filename
   8516	    120	   1648	  10284	   282c	PLL_SYSCLK.elf
 

10:40:33 Build Finished (took 2s.163ms)

