14:40:53 **** Build of configuration Debug for project SDIO_FATFS ****
make all 
Building file: ../startup/startup_stm32f446xx.s
Invoking: MCU GCC Assembler
E:\Workspace\STM32WBworkspace\MasteringMCU2\AC6\R\MasteringMCU2\SDIO_FATFS\Debug
arm-none-eabi-as -mcpu=cortex-m4 -mthumb -mfloat-abi=hard -mfpu=fpv4-sp-d16 -g -o "startup/startup_stm32f446xx.o" "../startup/startup_stm32f446xx.s"
Finished building: ../startup/startup_stm32f446xx.s
 
Building file: ../Src/bsp_driver_sd.c
Invoking: MCU GCC Compiler
E:\Workspace\STM32WBworkspace\MasteringMCU2\AC6\R\MasteringMCU2\SDIO_FATFS\Debug
arm-none-eabi-gcc -mcpu=cortex-m4 -mthumb -mfloat-abi=hard -mfpu=fpv4-sp-d16 '-D__weak=__attribute__((weak))' '-D__packed=__attribute__((__packed__))' -DUSE_HAL_DRIVER -DSTM32F446xx -I"E:/Workspace/STM32WBworkspace/MasteringMCU2/AC6/R/MasteringMCU2/SDIO_FATFS/Inc" -I"E:/Workspace/STM32WBworkspace/MasteringMCU2/AC6/R/MasteringMCU2/SDIO_FATFS/Drivers/STM32F4xx_HAL_Driver/Inc" -I"E:/Workspace/STM32WBworkspace/MasteringMCU2/AC6/R/MasteringMCU2/SDIO_FATFS/Drivers/STM32F4xx_HAL_Driver/Inc/Legacy" -I"E:/Workspace/STM32WBworkspace/MasteringMCU2/AC6/R/MasteringMCU2/SDIO_FATFS/Drivers/CMSIS/Device/ST/STM32F4xx/Include" -I"E:/Workspace/STM32WBworkspace/MasteringMCU2/AC6/R/MasteringMCU2/SDIO_FATFS/Middlewares/Third_Party/FatFs/src" -I"E:/Workspace/STM32WBworkspace/MasteringMCU2/AC6/R/MasteringMCU2/SDIO_FATFS/Drivers/CMSIS/Include"  -Og -g3 -Wall -fmessage-length=0 -ffunction-sections -c -fmessage-length=0 -MMD -MP -MF"Src/bsp_driver_sd.d" -MT"Src/bsp_driver_sd.o" -o "Src/bsp_driver_sd.o" "../Src/bsp_driver_sd.c"
Finished building: ../Src/bsp_driver_sd.c
 
Building file: ../Src/fatfs.c
Invoking: MCU GCC Compiler
E:\Workspace\STM32WBworkspace\MasteringMCU2\AC6\R\MasteringMCU2\SDIO_FATFS\Debug
arm-none-eabi-gcc -mcpu=cortex-m4 -mthumb -mfloat-abi=hard -mfpu=fpv4-sp-d16 '-D__weak=__attribute__((weak))' '-D__packed=__attribute__((__packed__))' -DUSE_HAL_DRIVER -DSTM32F446xx -I"E:/Workspace/STM32WBworkspace/MasteringMCU2/AC6/R/MasteringMCU2/SDIO_FATFS/Inc" -I"E:/Workspace/STM32WBworkspace/MasteringMCU2/AC6/R/MasteringMCU2/SDIO_FATFS/Drivers/STM32F4xx_HAL_Driver/Inc" -I"E:/Workspace/STM32WBworkspace/MasteringMCU2/AC6/R/MasteringMCU2/SDIO_FATFS/Drivers/STM32F4xx_HAL_Driver/Inc/Legacy" -I"E:/Workspace/STM32WBworkspace/MasteringMCU2/AC6/R/MasteringMCU2/SDIO_FATFS/Drivers/CMSIS/Device/ST/STM32F4xx/Include" -I"E:/Workspace/STM32WBworkspace/MasteringMCU2/AC6/R/MasteringMCU2/SDIO_FATFS/Middlewares/Third_Party/FatFs/src" -I"E:/Workspace/STM32WBworkspace/MasteringMCU2/AC6/R/MasteringMCU2/SDIO_FATFS/Drivers/CMSIS/Include"  -Og -g3 -Wall -fmessage-length=0 -ffunction-sections -c -fmessage-length=0 -MMD -MP -MF"Src/fatfs.d" -MT"Src/fatfs.o" -o "Src/fatfs.o" "../Src/fatfs.c"
Finished building: ../Src/fatfs.c
 
Building file: ../Src/main.c
Invoking: MCU GCC Compiler
E:\Workspace\STM32WBworkspace\MasteringMCU2\AC6\R\MasteringMCU2\SDIO_FATFS\Debug
arm-none-eabi-gcc -mcpu=cortex-m4 -mthumb -mfloat-abi=hard -mfpu=fpv4-sp-d16 '-D__weak=__attribute__((weak))' '-D__packed=__attribute__((__packed__))' -DUSE_HAL_DRIVER -DSTM32F446xx -I"E:/Workspace/STM32WBworkspace/MasteringMCU2/AC6/R/MasteringMCU2/SDIO_FATFS/Inc" -I"E:/Workspace/STM32WBworkspace/MasteringMCU2/AC6/R/MasteringMCU2/SDIO_FATFS/Drivers/STM32F4xx_HAL_Driver/Inc" -I"E:/Workspace/STM32WBworkspace/MasteringMCU2/AC6/R/MasteringMCU2/SDIO_FATFS/Drivers/STM32F4xx_HAL_Driver/Inc/Legacy" -I"E:/Workspace/STM32WBworkspace/MasteringMCU2/AC6/R/MasteringMCU2/SDIO_FATFS/Drivers/CMSIS/Device/ST/STM32F4xx/Include" -I"E:/Workspace/STM32WBworkspace/MasteringMCU2/AC6/R/MasteringMCU2/SDIO_FATFS/Middlewares/Third_Party/FatFs/src" -I"E:/Workspace/STM32WBworkspace/MasteringMCU2/AC6/R/MasteringMCU2/SDIO_FATFS/Drivers/CMSIS/Include"  -Og -g3 -Wall -fmessage-length=0 -ffunction-sections -c -fmessage-length=0 -MMD -MP -MF"Src/main.d" -MT"Src/main.o" -o "Src/main.o" "../Src/main.c"
Finished building: ../Src/main.c
 
Building file: ../Src/sd_diskio.c
Invoking: MCU GCC Compiler
E:\Workspace\STM32WBworkspace\MasteringMCU2\AC6\R\MasteringMCU2\SDIO_FATFS\Debug
arm-none-eabi-gcc -mcpu=cortex-m4 -mthumb -mfloat-abi=hard -mfpu=fpv4-sp-d16 '-D__weak=__attribute__((weak))' '-D__packed=__attribute__((__packed__))' -DUSE_HAL_DRIVER -DSTM32F446xx -I"E:/Workspace/STM32WBworkspace/MasteringMCU2/AC6/R/MasteringMCU2/SDIO_FATFS/Inc" -I"E:/Workspace/STM32WBworkspace/MasteringMCU2/AC6/R/MasteringMCU2/SDIO_FATFS/Drivers/STM32F4xx_HAL_Driver/Inc" -I"E:/Workspace/STM32WBworkspace/MasteringMCU2/AC6/R/MasteringMCU2/SDIO_FATFS/Drivers/STM32F4xx_HAL_Driver/Inc/Legacy" -I"E:/Workspace/STM32WBworkspace/MasteringMCU2/AC6/R/MasteringMCU2/SDIO_FATFS/Drivers/CMSIS/Device/ST/STM32F4xx/Include" -I"E:/Workspace/STM32WBworkspace/MasteringMCU2/AC6/R/MasteringMCU2/SDIO_FATFS/Middlewares/Third_Party/FatFs/src" -I"E:/Workspace/STM32WBworkspace/MasteringMCU2/AC6/R/MasteringMCU2/SDIO_FATFS/Drivers/CMSIS/Include"  -Og -g3 -Wall -fmessage-length=0 -ffunction-sections -c -fmessage-length=0 -MMD -MP -MF"Src/sd_diskio.d" -MT"Src/sd_diskio.o" -o "Src/sd_diskio.o" "../Src/sd_diskio.c"
Finished building: ../Src/sd_diskio.c
 
Building file: ../Src/stm32f4xx_hal_msp.c
Invoking: MCU GCC Compiler
E:\Workspace\STM32WBworkspace\MasteringMCU2\AC6\R\MasteringMCU2\SDIO_FATFS\Debug
arm-none-eabi-gcc -mcpu=cortex-m4 -mthumb -mfloat-abi=hard -mfpu=fpv4-sp-d16 '-D__weak=__attribute__((weak))' '-D__packed=__attribute__((__packed__))' -DUSE_HAL_DRIVER -DSTM32F446xx -I"E:/Workspace/STM32WBworkspace/MasteringMCU2/AC6/R/MasteringMCU2/SDIO_FATFS/Inc" -I"E:/Workspace/STM32WBworkspace/MasteringMCU2/AC6/R/MasteringMCU2/SDIO_FATFS/Drivers/STM32F4xx_HAL_Driver/Inc" -I"E:/Workspace/STM32WBworkspace/MasteringMCU2/AC6/R/MasteringMCU2/SDIO_FATFS/Drivers/STM32F4xx_HAL_Driver/Inc/Legacy" -I"E:/Workspace/STM32WBworkspace/MasteringMCU2/AC6/R/MasteringMCU2/SDIO_FATFS/Drivers/CMSIS/Device/ST/STM32F4xx/Include" -I"E:/Workspace/STM32WBworkspace/MasteringMCU2/AC6/R/MasteringMCU2/SDIO_FATFS/Middlewares/Third_Party/FatFs/src" -I"E:/Workspace/STM32WBworkspace/MasteringMCU2/AC6/R/MasteringMCU2/SDIO_FATFS/Drivers/CMSIS/Include"  -Og -g3 -Wall -fmessage-length=0 -ffunction-sections -c -fmessage-length=0 -MMD -MP -MF"Src/stm32f4xx_hal_msp.d" -MT"Src/stm32f4xx_hal_msp.o" -o "Src/stm32f4xx_hal_msp.o" "../Src/stm32f4xx_hal_msp.c"
Finished building: ../Src/stm32f4xx_hal_msp.c
 
Building file: ../Src/stm32f4xx_it.c
Invoking: MCU GCC Compiler
E:\Workspace\STM32WBworkspace\MasteringMCU2\AC6\R\MasteringMCU2\SDIO_FATFS\Debug
arm-none-eabi-gcc -mcpu=cortex-m4 -mthumb -mfloat-abi=hard -mfpu=fpv4-sp-d16 '-D__weak=__attribute__((weak))' '-D__packed=__attribute__((__packed__))' -DUSE_HAL_DRIVER -DSTM32F446xx -I"E:/Workspace/STM32WBworkspace/MasteringMCU2/AC6/R/MasteringMCU2/SDIO_FATFS/Inc" -I"E:/Workspace/STM32WBworkspace/MasteringMCU2/AC6/R/MasteringMCU2/SDIO_FATFS/Drivers/STM32F4xx_HAL_Driver/Inc" -I"E:/Workspace/STM32WBworkspace/MasteringMCU2/AC6/R/MasteringMCU2/SDIO_FATFS/Drivers/STM32F4xx_HAL_Driver/Inc/Legacy" -I"E:/Workspace/STM32WBworkspace/MasteringMCU2/AC6/R/MasteringMCU2/SDIO_FATFS/Drivers/CMSIS/Device/ST/STM32F4xx/Include" -I"E:/Workspace/STM32WBworkspace/MasteringMCU2/AC6/R/MasteringMCU2/SDIO_FATFS/Middlewares/Third_Party/FatFs/src" -I"E:/Workspace/STM32WBworkspace/MasteringMCU2/AC6/R/MasteringMCU2/SDIO_FATFS/Drivers/CMSIS/Include"  -Og -g3 -Wall -fmessage-length=0 -ffunction-sections -c -fmessage-length=0 -MMD -MP -MF"Src/stm32f4xx_it.d" -MT"Src/stm32f4xx_it.o" -o "Src/stm32f4xx_it.o" "../Src/stm32f4xx_it.c"
Finished building: ../Src/stm32f4xx_it.c
 
Building file: ../Src/system_stm32f4xx.c
Invoking: MCU GCC Compiler
E:\Workspace\STM32WBworkspace\MasteringMCU2\AC6\R\MasteringMCU2\SDIO_FATFS\Debug
arm-none-eabi-gcc -mcpu=cortex-m4 -mthumb -mfloat-abi=hard -mfpu=fpv4-sp-d16 '-D__weak=__attribute__((weak))' '-D__packed=__attribute__((__packed__))' -DUSE_HAL_DRIVER -DSTM32F446xx -I"E:/Workspace/STM32WBworkspace/MasteringMCU2/AC6/R/MasteringMCU2/SDIO_FATFS/Inc" -I"E:/Workspace/STM32WBworkspace/MasteringMCU2/AC6/R/MasteringMCU2/SDIO_FATFS/Drivers/STM32F4xx_HAL_Driver/Inc" -I"E:/Workspace/STM32WBworkspace/MasteringMCU2/AC6/R/MasteringMCU2/SDIO_FATFS/Drivers/STM32F4xx_HAL_Driver/Inc/Legacy" -I"E:/Workspace/STM32WBworkspace/MasteringMCU2/AC6/R/MasteringMCU2/SDIO_FATFS/Drivers/CMSIS/Device/ST/STM32F4xx/Include" -I"E:/Workspace/STM32WBworkspace/MasteringMCU2/AC6/R/MasteringMCU2/SDIO_FATFS/Middlewares/Third_Party/FatFs/src" -I"E:/Workspace/STM32WBworkspace/MasteringMCU2/AC6/R/MasteringMCU2/SDIO_FATFS/Drivers/CMSIS/Include"  -Og -g3 -Wall -fmessage-length=0 -ffunction-sections -c -fmessage-length=0 -MMD -MP -MF"Src/system_stm32f4xx.d" -MT"Src/system_stm32f4xx.o" -o "Src/system_stm32f4xx.o" "../Src/system_stm32f4xx.c"
Finished building: ../Src/system_stm32f4xx.c
 
Building file: ../Middlewares/Third_Party/FatFs/src/option/syscall.c
Invoking: MCU GCC Compiler
E:\Workspace\STM32WBworkspace\MasteringMCU2\AC6\R\MasteringMCU2\SDIO_FATFS\Debug
arm-none-eabi-gcc -mcpu=cortex-m4 -mthumb -mfloat-abi=hard -mfpu=fpv4-sp-d16 '-D__weak=__attribute__((weak))' '-D__packed=__attribute__((__packed__))' -DUSE_HAL_DRIVER -DSTM32F446xx -I"E:/Workspace/STM32WBworkspace/MasteringMCU2/AC6/R/MasteringMCU2/SDIO_FATFS/Inc" -I"E:/Workspace/STM32WBworkspace/MasteringMCU2/AC6/R/MasteringMCU2/SDIO_FATFS/Drivers/STM32F4xx_HAL_Driver/Inc" -I"E:/Workspace/STM32WBworkspace/MasteringMCU2/AC6/R/MasteringMCU2/SDIO_FATFS/Drivers/STM32F4xx_HAL_Driver/Inc/Legacy" -I"E:/Workspace/STM32WBworkspace/MasteringMCU2/AC6/R/MasteringMCU2/SDIO_FATFS/Drivers/CMSIS/Device/ST/STM32F4xx/Include" -I"E:/Workspace/STM32WBworkspace/MasteringMCU2/AC6/R/MasteringMCU2/SDIO_FATFS/Middlewares/Third_Party/FatFs/src" -I"E:/Workspace/STM32WBworkspace/MasteringMCU2/AC6/R/MasteringMCU2/SDIO_FATFS/Drivers/CMSIS/Include"  -Og -g3 -Wall -fmessage-length=0 -ffunction-sections -c -fmessage-length=0 -MMD -MP -MF"Middlewares/Third_Party/FatFs/src/option/syscall.d" -MT"Middlewares/Third_Party/FatFs/src/option/syscall.o" -o "Middlewares/Third_Party/FatFs/src/option/syscall.o" "../Middlewares/Third_Party/FatFs/src/option/syscall.c"
Finished building: ../Middlewares/Third_Party/FatFs/src/option/syscall.c
 
Building file: ../Middlewares/Third_Party/FatFs/src/diskio.c
Invoking: MCU GCC Compiler
E:\Workspace\STM32WBworkspace\MasteringMCU2\AC6\R\MasteringMCU2\SDIO_FATFS\Debug
arm-none-eabi-gcc -mcpu=cortex-m4 -mthumb -mfloat-abi=hard -mfpu=fpv4-sp-d16 '-D__weak=__attribute__((weak))' '-D__packed=__attribute__((__packed__))' -DUSE_HAL_DRIVER -DSTM32F446xx -I"E:/Workspace/STM32WBworkspace/MasteringMCU2/AC6/R/MasteringMCU2/SDIO_FATFS/Inc" -I"E:/Workspace/STM32WBworkspace/MasteringMCU2/AC6/R/MasteringMCU2/SDIO_FATFS/Drivers/STM32F4xx_HAL_Driver/Inc" -I"E:/Workspace/STM32WBworkspace/MasteringMCU2/AC6/R/MasteringMCU2/SDIO_FATFS/Drivers/STM32F4xx_HAL_Driver/Inc/Legacy" -I"E:/Workspace/STM32WBworkspace/MasteringMCU2/AC6/R/MasteringMCU2/SDIO_FATFS/Drivers/CMSIS/Device/ST/STM32F4xx/Include" -I"E:/Workspace/STM32WBworkspace/MasteringMCU2/AC6/R/MasteringMCU2/SDIO_FATFS/Middlewares/Third_Party/FatFs/src" -I"E:/Workspace/STM32WBworkspace/MasteringMCU2/AC6/R/MasteringMCU2/SDIO_FATFS/Drivers/CMSIS/Include"  -Og -g3 -Wall -fmessage-length=0 -ffunction-sections -c -fmessage-length=0 -MMD -MP -MF"Middlewares/Third_Party/FatFs/src/diskio.d" -MT"Middlewares/Third_Party/FatFs/src/diskio.o" -o "Middlewares/Third_Party/FatFs/src/diskio.o" "../Middlewares/Third_Party/FatFs/src/diskio.c"
Finished building: ../Middlewares/Third_Party/FatFs/src/diskio.c
 
Building file: ../Middlewares/Third_Party/FatFs/src/ff.c
Invoking: MCU GCC Compiler
E:\Workspace\STM32WBworkspace\MasteringMCU2\AC6\R\MasteringMCU2\SDIO_FATFS\Debug
arm-none-eabi-gcc -mcpu=cortex-m4 -mthumb -mfloat-abi=hard -mfpu=fpv4-sp-d16 '-D__weak=__attribute__((weak))' '-D__packed=__attribute__((__packed__))' -DUSE_HAL_DRIVER -DSTM32F446xx -I"E:/Workspace/STM32WBworkspace/MasteringMCU2/AC6/R/MasteringMCU2/SDIO_FATFS/Inc" -I"E:/Workspace/STM32WBworkspace/MasteringMCU2/AC6/R/MasteringMCU2/SDIO_FATFS/Drivers/STM32F4xx_HAL_Driver/Inc" -I"E:/Workspace/STM32WBworkspace/MasteringMCU2/AC6/R/MasteringMCU2/SDIO_FATFS/Drivers/STM32F4xx_HAL_Driver/Inc/Legacy" -I"E:/Workspace/STM32WBworkspace/MasteringMCU2/AC6/R/MasteringMCU2/SDIO_FATFS/Drivers/CMSIS/Device/ST/STM32F4xx/Include" -I"E:/Workspace/STM32WBworkspace/MasteringMCU2/AC6/R/MasteringMCU2/SDIO_FATFS/Middlewares/Third_Party/FatFs/src" -I"E:/Workspace/STM32WBworkspace/MasteringMCU2/AC6/R/MasteringMCU2/SDIO_FATFS/Drivers/CMSIS/Include"  -Og -g3 -Wall -fmessage-length=0 -ffunction-sections -c -fmessage-length=0 -MMD -MP -MF"Middlewares/Third_Party/FatFs/src/ff.d" -MT"Middlewares/Third_Party/FatFs/src/ff.o" -o "Middlewares/Third_Party/FatFs/src/ff.o" "../Middlewares/Third_Party/FatFs/src/ff.c"
Finished building: ../Middlewares/Third_Party/FatFs/src/ff.c
 
Building file: ../Middlewares/Third_Party/FatFs/src/ff_gen_drv.c
Invoking: MCU GCC Compiler
E:\Workspace\STM32WBworkspace\MasteringMCU2\AC6\R\MasteringMCU2\SDIO_FATFS\Debug
arm-none-eabi-gcc -mcpu=cortex-m4 -mthumb -mfloat-abi=hard -mfpu=fpv4-sp-d16 '-D__weak=__attribute__((weak))' '-D__packed=__attribute__((__packed__))' -DUSE_HAL_DRIVER -DSTM32F446xx -I"E:/Workspace/STM32WBworkspace/MasteringMCU2/AC6/R/MasteringMCU2/SDIO_FATFS/Inc" -I"E:/Workspace/STM32WBworkspace/MasteringMCU2/AC6/R/MasteringMCU2/SDIO_FATFS/Drivers/STM32F4xx_HAL_Driver/Inc" -I"E:/Workspace/STM32WBworkspace/MasteringMCU2/AC6/R/MasteringMCU2/SDIO_FATFS/Drivers/STM32F4xx_HAL_Driver/Inc/Legacy" -I"E:/Workspace/STM32WBworkspace/MasteringMCU2/AC6/R/MasteringMCU2/SDIO_FATFS/Drivers/CMSIS/Device/ST/STM32F4xx/Include" -I"E:/Workspace/STM32WBworkspace/MasteringMCU2/AC6/R/MasteringMCU2/SDIO_FATFS/Middlewares/Third_Party/FatFs/src" -I"E:/Workspace/STM32WBworkspace/MasteringMCU2/AC6/R/MasteringMCU2/SDIO_FATFS/Drivers/CMSIS/Include"  -Og -g3 -Wall -fmessage-length=0 -ffunction-sections -c -fmessage-length=0 -MMD -MP -MF"Middlewares/Third_Party/FatFs/src/ff_gen_drv.d" -MT"Middlewares/Third_Party/FatFs/src/ff_gen_drv.o" -o "Middlewares/Third_Party/FatFs/src/ff_gen_drv.o" "../Middlewares/Third_Party/FatFs/src/ff_gen_drv.c"
Finished building: ../Middlewares/Third_Party/FatFs/src/ff_gen_drv.c
 
Building file: ../Drivers/STM32F4xx_HAL_Driver/Src/stm32f4xx_hal.c
Invoking: MCU GCC Compiler
E:\Workspace\STM32WBworkspace\MasteringMCU2\AC6\R\MasteringMCU2\SDIO_FATFS\Debug
arm-none-eabi-gcc -mcpu=cortex-m4 -mthumb -mfloat-abi=hard -mfpu=fpv4-sp-d16 '-D__weak=__attribute__((weak))' '-D__packed=__attribute__((__packed__))' -DUSE_HAL_DRIVER -DSTM32F446xx -I"E:/Workspace/STM32WBworkspace/MasteringMCU2/AC6/R/MasteringMCU2/SDIO_FATFS/Inc" -I"E:/Workspace/STM32WBworkspace/MasteringMCU2/AC6/R/MasteringMCU2/SDIO_FATFS/Drivers/STM32F4xx_HAL_Driver/Inc" -I"E:/Workspace/STM32WBworkspace/MasteringMCU2/AC6/R/MasteringMCU2/SDIO_FATFS/Drivers/STM32F4xx_HAL_Driver/Inc/Legacy" -I"E:/Workspace/STM32WBworkspace/MasteringMCU2/AC6/R/MasteringMCU2/SDIO_FATFS/Drivers/CMSIS/Device/ST/STM32F4xx/Include" -I"E:/Workspace/STM32WBworkspace/MasteringMCU2/AC6/R/MasteringMCU2/SDIO_FATFS/Middlewares/Third_Party/FatFs/src" -I"E:/Workspace/STM32WBworkspace/MasteringMCU2/AC6/R/MasteringMCU2/SDIO_FATFS/Drivers/CMSIS/Include"  -Og -g3 -Wall -fmessage-length=0 -ffunction-sections -c -fmessage-length=0 -MMD -MP -MF"Drivers/STM32F4xx_HAL_Driver/Src/stm32f4xx_hal.d" -MT"Drivers/STM32F4xx_HAL_Driver/Src/stm32f4xx_hal.o" -o "Drivers/STM32F4xx_HAL_Driver/Src/stm32f4xx_hal.o" "../Drivers/STM32F4xx_HAL_Driver/Src/stm32f4xx_hal.c"
Finished building: ../Drivers/STM32F4xx_HAL_Driver/Src/stm32f4xx_hal.c
 
Building file: ../Drivers/STM32F4xx_HAL_Driver/Src/stm32f4xx_hal_cortex.c
Invoking: MCU GCC Compiler
E:\Workspace\STM32WBworkspace\MasteringMCU2\AC6\R\MasteringMCU2\SDIO_FATFS\Debug
arm-none-eabi-gcc -mcpu=cortex-m4 -mthumb -mfloat-abi=hard -mfpu=fpv4-sp-d16 '-D__weak=__attribute__((weak))' '-D__packed=__attribute__((__packed__))' -DUSE_HAL_DRIVER -DSTM32F446xx -I"E:/Workspace/STM32WBworkspace/MasteringMCU2/AC6/R/MasteringMCU2/SDIO_FATFS/Inc" -I"E:/Workspace/STM32WBworkspace/MasteringMCU2/AC6/R/MasteringMCU2/SDIO_FATFS/Drivers/STM32F4xx_HAL_Driver/Inc" -I"E:/Workspace/STM32WBworkspace/MasteringMCU2/AC6/R/MasteringMCU2/SDIO_FATFS/Drivers/STM32F4xx_HAL_Driver/Inc/Legacy" -I"E:/Workspace/STM32WBworkspace/MasteringMCU2/AC6/R/MasteringMCU2/SDIO_FATFS/Drivers/CMSIS/Device/ST/STM32F4xx/Include" -I"E:/Workspace/STM32WBworkspace/MasteringMCU2/AC6/R/MasteringMCU2/SDIO_FATFS/Middlewares/Third_Party/FatFs/src" -I"E:/Workspace/STM32WBworkspace/MasteringMCU2/AC6/R/MasteringMCU2/SDIO_FATFS/Drivers/CMSIS/Include"  -Og -g3 -Wall -fmessage-length=0 -ffunction-sections -c -fmessage-length=0 -MMD -MP -MF"Drivers/STM32F4xx_HAL_Driver/Src/stm32f4xx_hal_cortex.d" -MT"Drivers/STM32F4xx_HAL_Driver/Src/stm32f4xx_hal_cortex.o" -o "Drivers/STM32F4xx_HAL_Driver/Src/stm32f4xx_hal_cortex.o" "../Drivers/STM32F4xx_HAL_Driver/Src/stm32f4xx_hal_cortex.c"
Finished building: ../Drivers/STM32F4xx_HAL_Driver/Src/stm32f4xx_hal_cortex.c
 
Building file: ../Drivers/STM32F4xx_HAL_Driver/Src/stm32f4xx_hal_dma.c
Invoking: MCU GCC Compiler
E:\Workspace\STM32WBworkspace\MasteringMCU2\AC6\R\MasteringMCU2\SDIO_FATFS\Debug
arm-none-eabi-gcc -mcpu=cortex-m4 -mthumb -mfloat-abi=hard -mfpu=fpv4-sp-d16 '-D__weak=__attribute__((weak))' '-D__packed=__attribute__((__packed__))' -DUSE_HAL_DRIVER -DSTM32F446xx -I"E:/Workspace/STM32WBworkspace/MasteringMCU2/AC6/R/MasteringMCU2/SDIO_FATFS/Inc" -I"E:/Workspace/STM32WBworkspace/MasteringMCU2/AC6/R/MasteringMCU2/SDIO_FATFS/Drivers/STM32F4xx_HAL_Driver/Inc" -I"E:/Workspace/STM32WBworkspace/MasteringMCU2/AC6/R/MasteringMCU2/SDIO_FATFS/Drivers/STM32F4xx_HAL_Driver/Inc/Legacy" -I"E:/Workspace/STM32WBworkspace/MasteringMCU2/AC6/R/MasteringMCU2/SDIO_FATFS/Drivers/CMSIS/Device/ST/STM32F4xx/Include" -I"E:/Workspace/STM32WBworkspace/MasteringMCU2/AC6/R/MasteringMCU2/SDIO_FATFS/Middlewares/Third_Party/FatFs/src" -I"E:/Workspace/STM32WBworkspace/MasteringMCU2/AC6/R/MasteringMCU2/SDIO_FATFS/Drivers/CMSIS/Include"  -Og -g3 -Wall -fmessage-length=0 -ffunction-sections -c -fmessage-length=0 -MMD -MP -MF"Drivers/STM32F4xx_HAL_Driver/Src/stm32f4xx_hal_dma.d" -MT"Drivers/STM32F4xx_HAL_Driver/Src/stm32f4xx_hal_dma.o" -o "Drivers/STM32F4xx_HAL_Driver/Src/stm32f4xx_hal_dma.o" "../Drivers/STM32F4xx_HAL_Driver/Src/stm32f4xx_hal_dma.c"
Finished building: ../Drivers/STM32F4xx_HAL_Driver/Src/stm32f4xx_hal_dma.c
 
Building file: ../Drivers/STM32F4xx_HAL_Driver/Src/stm32f4xx_hal_dma_ex.c
Invoking: MCU GCC Compiler
E:\Workspace\STM32WBworkspace\MasteringMCU2\AC6\R\MasteringMCU2\SDIO_FATFS\Debug
arm-none-eabi-gcc -mcpu=cortex-m4 -mthumb -mfloat-abi=hard -mfpu=fpv4-sp-d16 '-D__weak=__attribute__((weak))' '-D__packed=__attribute__((__packed__))' -DUSE_HAL_DRIVER -DSTM32F446xx -I"E:/Workspace/STM32WBworkspace/MasteringMCU2/AC6/R/MasteringMCU2/SDIO_FATFS/Inc" -I"E:/Workspace/STM32WBworkspace/MasteringMCU2/AC6/R/MasteringMCU2/SDIO_FATFS/Drivers/STM32F4xx_HAL_Driver/Inc" -I"E:/Workspace/STM32WBworkspace/MasteringMCU2/AC6/R/MasteringMCU2/SDIO_FATFS/Drivers/STM32F4xx_HAL_Driver/Inc/Legacy" -I"E:/Workspace/STM32WBworkspace/MasteringMCU2/AC6/R/MasteringMCU2/SDIO_FATFS/Drivers/CMSIS/Device/ST/STM32F4xx/Include" -I"E:/Workspace/STM32WBworkspace/MasteringMCU2/AC6/R/MasteringMCU2/SDIO_FATFS/Middlewares/Third_Party/FatFs/src" -I"E:/Workspace/STM32WBworkspace/MasteringMCU2/AC6/R/MasteringMCU2/SDIO_FATFS/Drivers/CMSIS/Include"  -Og -g3 -Wall -fmessage-length=0 -ffunction-sections -c -fmessage-length=0 -MMD -MP -MF"Drivers/STM32F4xx_HAL_Driver/Src/stm32f4xx_hal_dma_ex.d" -MT"Drivers/STM32F4xx_HAL_Driver/Src/stm32f4xx_hal_dma_ex.o" -o "Drivers/STM32F4xx_HAL_Driver/Src/stm32f4xx_hal_dma_ex.o" "../Drivers/STM32F4xx_HAL_Driver/Src/stm32f4xx_hal_dma_ex.c"
Finished building: ../Drivers/STM32F4xx_HAL_Driver/Src/stm32f4xx_hal_dma_ex.c
 
Building file: ../Drivers/STM32F4xx_HAL_Driver/Src/stm32f4xx_hal_flash.c
Invoking: MCU GCC Compiler
E:\Workspace\STM32WBworkspace\MasteringMCU2\AC6\R\MasteringMCU2\SDIO_FATFS\Debug
arm-none-eabi-gcc -mcpu=cortex-m4 -mthumb -mfloat-abi=hard -mfpu=fpv4-sp-d16 '-D__weak=__attribute__((weak))' '-D__packed=__attribute__((__packed__))' -DUSE_HAL_DRIVER -DSTM32F446xx -I"E:/Workspace/STM32WBworkspace/MasteringMCU2/AC6/R/MasteringMCU2/SDIO_FATFS/Inc" -I"E:/Workspace/STM32WBworkspace/MasteringMCU2/AC6/R/MasteringMCU2/SDIO_FATFS/Drivers/STM32F4xx_HAL_Driver/Inc" -I"E:/Workspace/STM32WBworkspace/MasteringMCU2/AC6/R/MasteringMCU2/SDIO_FATFS/Drivers/STM32F4xx_HAL_Driver/Inc/Legacy" -I"E:/Workspace/STM32WBworkspace/MasteringMCU2/AC6/R/MasteringMCU2/SDIO_FATFS/Drivers/CMSIS/Device/ST/STM32F4xx/Include" -I"E:/Workspace/STM32WBworkspace/MasteringMCU2/AC6/R/MasteringMCU2/SDIO_FATFS/Middlewares/Third_Party/FatFs/src" -I"E:/Workspace/STM32WBworkspace/MasteringMCU2/AC6/R/MasteringMCU2/SDIO_FATFS/Drivers/CMSIS/Include"  -Og -g3 -Wall -fmessage-length=0 -ffunction-sections -c -fmessage-length=0 -MMD -MP -MF"Drivers/STM32F4xx_HAL_Driver/Src/stm32f4xx_hal_flash.d" -MT"Drivers/STM32F4xx_HAL_Driver/Src/stm32f4xx_hal_flash.o" -o "Drivers/STM32F4xx_HAL_Driver/Src/stm32f4xx_hal_flash.o" "../Drivers/STM32F4xx_HAL_Driver/Src/stm32f4xx_hal_flash.c"
Finished building: ../Drivers/STM32F4xx_HAL_Driver/Src/stm32f4xx_hal_flash.c
 
Building file: ../Drivers/STM32F4xx_HAL_Driver/Src/stm32f4xx_hal_flash_ex.c
Invoking: MCU GCC Compiler
E:\Workspace\STM32WBworkspace\MasteringMCU2\AC6\R\MasteringMCU2\SDIO_FATFS\Debug
arm-none-eabi-gcc -mcpu=cortex-m4 -mthumb -mfloat-abi=hard -mfpu=fpv4-sp-d16 '-D__weak=__attribute__((weak))' '-D__packed=__attribute__((__packed__))' -DUSE_HAL_DRIVER -DSTM32F446xx -I"E:/Workspace/STM32WBworkspace/MasteringMCU2/AC6/R/MasteringMCU2/SDIO_FATFS/Inc" -I"E:/Workspace/STM32WBworkspace/MasteringMCU2/AC6/R/MasteringMCU2/SDIO_FATFS/Drivers/STM32F4xx_HAL_Driver/Inc" -I"E:/Workspace/STM32WBworkspace/MasteringMCU2/AC6/R/MasteringMCU2/SDIO_FATFS/Drivers/STM32F4xx_HAL_Driver/Inc/Legacy" -I"E:/Workspace/STM32WBworkspace/MasteringMCU2/AC6/R/MasteringMCU2/SDIO_FATFS/Drivers/CMSIS/Device/ST/STM32F4xx/Include" -I"E:/Workspace/STM32WBworkspace/MasteringMCU2/AC6/R/MasteringMCU2/SDIO_FATFS/Middlewares/Third_Party/FatFs/src" -I"E:/Workspace/STM32WBworkspace/MasteringMCU2/AC6/R/MasteringMCU2/SDIO_FATFS/Drivers/CMSIS/Include"  -Og -g3 -Wall -fmessage-length=0 -ffunction-sections -c -fmessage-length=0 -MMD -MP -MF"Drivers/STM32F4xx_HAL_Driver/Src/stm32f4xx_hal_flash_ex.d" -MT"Drivers/STM32F4xx_HAL_Driver/Src/stm32f4xx_hal_flash_ex.o" -o "Drivers/STM32F4xx_HAL_Driver/Src/stm32f4xx_hal_flash_ex.o" "../Drivers/STM32F4xx_HAL_Driver/Src/stm32f4xx_hal_flash_ex.c"
Finished building: ../Drivers/STM32F4xx_HAL_Driver/Src/stm32f4xx_hal_flash_ex.c
 
Building file: ../Drivers/STM32F4xx_HAL_Driver/Src/stm32f4xx_hal_flash_ramfunc.c
Invoking: MCU GCC Compiler
E:\Workspace\STM32WBworkspace\MasteringMCU2\AC6\R\MasteringMCU2\SDIO_FATFS\Debug
arm-none-eabi-gcc -mcpu=cortex-m4 -mthumb -mfloat-abi=hard -mfpu=fpv4-sp-d16 '-D__weak=__attribute__((weak))' '-D__packed=__attribute__((__packed__))' -DUSE_HAL_DRIVER -DSTM32F446xx -I"E:/Workspace/STM32WBworkspace/MasteringMCU2/AC6/R/MasteringMCU2/SDIO_FATFS/Inc" -I"E:/Workspace/STM32WBworkspace/MasteringMCU2/AC6/R/MasteringMCU2/SDIO_FATFS/Drivers/STM32F4xx_HAL_Driver/Inc" -I"E:/Workspace/STM32WBworkspace/MasteringMCU2/AC6/R/MasteringMCU2/SDIO_FATFS/Drivers/STM32F4xx_HAL_Driver/Inc/Legacy" -I"E:/Workspace/STM32WBworkspace/MasteringMCU2/AC6/R/MasteringMCU2/SDIO_FATFS/Drivers/CMSIS/Device/ST/STM32F4xx/Include" -I"E:/Workspace/STM32WBworkspace/MasteringMCU2/AC6/R/MasteringMCU2/SDIO_FATFS/Middlewares/Third_Party/FatFs/src" -I"E:/Workspace/STM32WBworkspace/MasteringMCU2/AC6/R/MasteringMCU2/SDIO_FATFS/Drivers/CMSIS/Include"  -Og -g3 -Wall -fmessage-length=0 -ffunction-sections -c -fmessage-length=0 -MMD -MP -MF"Drivers/STM32F4xx_HAL_Driver/Src/stm32f4xx_hal_flash_ramfunc.d" -MT"Drivers/STM32F4xx_HAL_Driver/Src/stm32f4xx_hal_flash_ramfunc.o" -o "Drivers/STM32F4xx_HAL_Driver/Src/stm32f4xx_hal_flash_ramfunc.o" "../Drivers/STM32F4xx_HAL_Driver/Src/stm32f4xx_hal_flash_ramfunc.c"
Finished building: ../Drivers/STM32F4xx_HAL_Driver/Src/stm32f4xx_hal_flash_ramfunc.c
 
Building file: ../Drivers/STM32F4xx_HAL_Driver/Src/stm32f4xx_hal_gpio.c
Invoking: MCU GCC Compiler
E:\Workspace\STM32WBworkspace\MasteringMCU2\AC6\R\MasteringMCU2\SDIO_FATFS\Debug
arm-none-eabi-gcc -mcpu=cortex-m4 -mthumb -mfloat-abi=hard -mfpu=fpv4-sp-d16 '-D__weak=__attribute__((weak))' '-D__packed=__attribute__((__packed__))' -DUSE_HAL_DRIVER -DSTM32F446xx -I"E:/Workspace/STM32WBworkspace/MasteringMCU2/AC6/R/MasteringMCU2/SDIO_FATFS/Inc" -I"E:/Workspace/STM32WBworkspace/MasteringMCU2/AC6/R/MasteringMCU2/SDIO_FATFS/Drivers/STM32F4xx_HAL_Driver/Inc" -I"E:/Workspace/STM32WBworkspace/MasteringMCU2/AC6/R/MasteringMCU2/SDIO_FATFS/Drivers/STM32F4xx_HAL_Driver/Inc/Legacy" -I"E:/Workspace/STM32WBworkspace/MasteringMCU2/AC6/R/MasteringMCU2/SDIO_FATFS/Drivers/CMSIS/Device/ST/STM32F4xx/Include" -I"E:/Workspace/STM32WBworkspace/MasteringMCU2/AC6/R/MasteringMCU2/SDIO_FATFS/Middlewares/Third_Party/FatFs/src" -I"E:/Workspace/STM32WBworkspace/MasteringMCU2/AC6/R/MasteringMCU2/SDIO_FATFS/Drivers/CMSIS/Include"  -Og -g3 -Wall -fmessage-length=0 -ffunction-sections -c -fmessage-length=0 -MMD -MP -MF"Drivers/STM32F4xx_HAL_Driver/Src/stm32f4xx_hal_gpio.d" -MT"Drivers/STM32F4xx_HAL_Driver/Src/stm32f4xx_hal_gpio.o" -o "Drivers/STM32F4xx_HAL_Driver/Src/stm32f4xx_hal_gpio.o" "../Drivers/STM32F4xx_HAL_Driver/Src/stm32f4xx_hal_gpio.c"
Finished building: ../Drivers/STM32F4xx_HAL_Driver/Src/stm32f4xx_hal_gpio.c
 
Building file: ../Drivers/STM32F4xx_HAL_Driver/Src/stm32f4xx_hal_pwr.c
Invoking: MCU GCC Compiler
E:\Workspace\STM32WBworkspace\MasteringMCU2\AC6\R\MasteringMCU2\SDIO_FATFS\Debug
arm-none-eabi-gcc -mcpu=cortex-m4 -mthumb -mfloat-abi=hard -mfpu=fpv4-sp-d16 '-D__weak=__attribute__((weak))' '-D__packed=__attribute__((__packed__))' -DUSE_HAL_DRIVER -DSTM32F446xx -I"E:/Workspace/STM32WBworkspace/MasteringMCU2/AC6/R/MasteringMCU2/SDIO_FATFS/Inc" -I"E:/Workspace/STM32WBworkspace/MasteringMCU2/AC6/R/MasteringMCU2/SDIO_FATFS/Drivers/STM32F4xx_HAL_Driver/Inc" -I"E:/Workspace/STM32WBworkspace/MasteringMCU2/AC6/R/MasteringMCU2/SDIO_FATFS/Drivers/STM32F4xx_HAL_Driver/Inc/Legacy" -I"E:/Workspace/STM32WBworkspace/MasteringMCU2/AC6/R/MasteringMCU2/SDIO_FATFS/Drivers/CMSIS/Device/ST/STM32F4xx/Include" -I"E:/Workspace/STM32WBworkspace/MasteringMCU2/AC6/R/MasteringMCU2/SDIO_FATFS/Middlewares/Third_Party/FatFs/src" -I"E:/Workspace/STM32WBworkspace/MasteringMCU2/AC6/R/MasteringMCU2/SDIO_FATFS/Drivers/CMSIS/Include"  -Og -g3 -Wall -fmessage-length=0 -ffunction-sections -c -fmessage-length=0 -MMD -MP -MF"Drivers/STM32F4xx_HAL_Driver/Src/stm32f4xx_hal_pwr.d" -MT"Drivers/STM32F4xx_HAL_Driver/Src/stm32f4xx_hal_pwr.o" -o "Drivers/STM32F4xx_HAL_Driver/Src/stm32f4xx_hal_pwr.o" "../Drivers/STM32F4xx_HAL_Driver/Src/stm32f4xx_hal_pwr.c"
Finished building: ../Drivers/STM32F4xx_HAL_Driver/Src/stm32f4xx_hal_pwr.c
 
Building file: ../Drivers/STM32F4xx_HAL_Driver/Src/stm32f4xx_hal_pwr_ex.c
Invoking: MCU GCC Compiler
E:\Workspace\STM32WBworkspace\MasteringMCU2\AC6\R\MasteringMCU2\SDIO_FATFS\Debug
arm-none-eabi-gcc -mcpu=cortex-m4 -mthumb -mfloat-abi=hard -mfpu=fpv4-sp-d16 '-D__weak=__attribute__((weak))' '-D__packed=__attribute__((__packed__))' -DUSE_HAL_DRIVER -DSTM32F446xx -I"E:/Workspace/STM32WBworkspace/MasteringMCU2/AC6/R/MasteringMCU2/SDIO_FATFS/Inc" -I"E:/Workspace/STM32WBworkspace/MasteringMCU2/AC6/R/MasteringMCU2/SDIO_FATFS/Drivers/STM32F4xx_HAL_Driver/Inc" -I"E:/Workspace/STM32WBworkspace/MasteringMCU2/AC6/R/MasteringMCU2/SDIO_FATFS/Drivers/STM32F4xx_HAL_Driver/Inc/Legacy" -I"E:/Workspace/STM32WBworkspace/MasteringMCU2/AC6/R/MasteringMCU2/SDIO_FATFS/Drivers/CMSIS/Device/ST/STM32F4xx/Include" -I"E:/Workspace/STM32WBworkspace/MasteringMCU2/AC6/R/MasteringMCU2/SDIO_FATFS/Middlewares/Third_Party/FatFs/src" -I"E:/Workspace/STM32WBworkspace/MasteringMCU2/AC6/R/MasteringMCU2/SDIO_FATFS/Drivers/CMSIS/Include"  -Og -g3 -Wall -fmessage-length=0 -ffunction-sections -c -fmessage-length=0 -MMD -MP -MF"Drivers/STM32F4xx_HAL_Driver/Src/stm32f4xx_hal_pwr_ex.d" -MT"Drivers/STM32F4xx_HAL_Driver/Src/stm32f4xx_hal_pwr_ex.o" -o "Drivers/STM32F4xx_HAL_Driver/Src/stm32f4xx_hal_pwr_ex.o" "../Drivers/STM32F4xx_HAL_Driver/Src/stm32f4xx_hal_pwr_ex.c"
Finished building: ../Drivers/STM32F4xx_HAL_Driver/Src/stm32f4xx_hal_pwr_ex.c
 
Building file: ../Drivers/STM32F4xx_HAL_Driver/Src/stm32f4xx_hal_rcc.c
Invoking: MCU GCC Compiler
E:\Workspace\STM32WBworkspace\MasteringMCU2\AC6\R\MasteringMCU2\SDIO_FATFS\Debug
arm-none-eabi-gcc -mcpu=cortex-m4 -mthumb -mfloat-abi=hard -mfpu=fpv4-sp-d16 '-D__weak=__attribute__((weak))' '-D__packed=__attribute__((__packed__))' -DUSE_HAL_DRIVER -DSTM32F446xx -I"E:/Workspace/STM32WBworkspace/MasteringMCU2/AC6/R/MasteringMCU2/SDIO_FATFS/Inc" -I"E:/Workspace/STM32WBworkspace/MasteringMCU2/AC6/R/MasteringMCU2/SDIO_FATFS/Drivers/STM32F4xx_HAL_Driver/Inc" -I"E:/Workspace/STM32WBworkspace/MasteringMCU2/AC6/R/MasteringMCU2/SDIO_FATFS/Drivers/STM32F4xx_HAL_Driver/Inc/Legacy" -I"E:/Workspace/STM32WBworkspace/MasteringMCU2/AC6/R/MasteringMCU2/SDIO_FATFS/Drivers/CMSIS/Device/ST/STM32F4xx/Include" -I"E:/Workspace/STM32WBworkspace/MasteringMCU2/AC6/R/MasteringMCU2/SDIO_FATFS/Middlewares/Third_Party/FatFs/src" -I"E:/Workspace/STM32WBworkspace/MasteringMCU2/AC6/R/MasteringMCU2/SDIO_FATFS/Drivers/CMSIS/Include"  -Og -g3 -Wall -fmessage-length=0 -ffunction-sections -c -fmessage-length=0 -MMD -MP -MF"Drivers/STM32F4xx_HAL_Driver/Src/stm32f4xx_hal_rcc.d" -MT"Drivers/STM32F4xx_HAL_Driver/Src/stm32f4xx_hal_rcc.o" -o "Drivers/STM32F4xx_HAL_Driver/Src/stm32f4xx_hal_rcc.o" "../Drivers/STM32F4xx_HAL_Driver/Src/stm32f4xx_hal_rcc.c"
Finished building: ../Drivers/STM32F4xx_HAL_Driver/Src/stm32f4xx_hal_rcc.c
 
Building file: ../Drivers/STM32F4xx_HAL_Driver/Src/stm32f4xx_hal_rcc_ex.c
Invoking: MCU GCC Compiler
E:\Workspace\STM32WBworkspace\MasteringMCU2\AC6\R\MasteringMCU2\SDIO_FATFS\Debug
arm-none-eabi-gcc -mcpu=cortex-m4 -mthumb -mfloat-abi=hard -mfpu=fpv4-sp-d16 '-D__weak=__attribute__((weak))' '-D__packed=__attribute__((__packed__))' -DUSE_HAL_DRIVER -DSTM32F446xx -I"E:/Workspace/STM32WBworkspace/MasteringMCU2/AC6/R/MasteringMCU2/SDIO_FATFS/Inc" -I"E:/Workspace/STM32WBworkspace/MasteringMCU2/AC6/R/MasteringMCU2/SDIO_FATFS/Drivers/STM32F4xx_HAL_Driver/Inc" -I"E:/Workspace/STM32WBworkspace/MasteringMCU2/AC6/R/MasteringMCU2/SDIO_FATFS/Drivers/STM32F4xx_HAL_Driver/Inc/Legacy" -I"E:/Workspace/STM32WBworkspace/MasteringMCU2/AC6/R/MasteringMCU2/SDIO_FATFS/Drivers/CMSIS/Device/ST/STM32F4xx/Include" -I"E:/Workspace/STM32WBworkspace/MasteringMCU2/AC6/R/MasteringMCU2/SDIO_FATFS/Middlewares/Third_Party/FatFs/src" -I"E:/Workspace/STM32WBworkspace/MasteringMCU2/AC6/R/MasteringMCU2/SDIO_FATFS/Drivers/CMSIS/Include"  -Og -g3 -Wall -fmessage-length=0 -ffunction-sections -c -fmessage-length=0 -MMD -MP -MF"Drivers/STM32F4xx_HAL_Driver/Src/stm32f4xx_hal_rcc_ex.d" -MT"Drivers/STM32F4xx_HAL_Driver/Src/stm32f4xx_hal_rcc_ex.o" -o "Drivers/STM32F4xx_HAL_Driver/Src/stm32f4xx_hal_rcc_ex.o" "../Drivers/STM32F4xx_HAL_Driver/Src/stm32f4xx_hal_rcc_ex.c"
Finished building: ../Drivers/STM32F4xx_HAL_Driver/Src/stm32f4xx_hal_rcc_ex.c
 
Building file: ../Drivers/STM32F4xx_HAL_Driver/Src/stm32f4xx_hal_sd.c
Invoking: MCU GCC Compiler
E:\Workspace\STM32WBworkspace\MasteringMCU2\AC6\R\MasteringMCU2\SDIO_FATFS\Debug
arm-none-eabi-gcc -mcpu=cortex-m4 -mthumb -mfloat-abi=hard -mfpu=fpv4-sp-d16 '-D__weak=__attribute__((weak))' '-D__packed=__attribute__((__packed__))' -DUSE_HAL_DRIVER -DSTM32F446xx -I"E:/Workspace/STM32WBworkspace/MasteringMCU2/AC6/R/MasteringMCU2/SDIO_FATFS/Inc" -I"E:/Workspace/STM32WBworkspace/MasteringMCU2/AC6/R/MasteringMCU2/SDIO_FATFS/Drivers/STM32F4xx_HAL_Driver/Inc" -I"E:/Workspace/STM32WBworkspace/MasteringMCU2/AC6/R/MasteringMCU2/SDIO_FATFS/Drivers/STM32F4xx_HAL_Driver/Inc/Legacy" -I"E:/Workspace/STM32WBworkspace/MasteringMCU2/AC6/R/MasteringMCU2/SDIO_FATFS/Drivers/CMSIS/Device/ST/STM32F4xx/Include" -I"E:/Workspace/STM32WBworkspace/MasteringMCU2/AC6/R/MasteringMCU2/SDIO_FATFS/Middlewares/Third_Party/FatFs/src" -I"E:/Workspace/STM32WBworkspace/MasteringMCU2/AC6/R/MasteringMCU2/SDIO_FATFS/Drivers/CMSIS/Include"  -Og -g3 -Wall -fmessage-length=0 -ffunction-sections -c -fmessage-length=0 -MMD -MP -MF"Drivers/STM32F4xx_HAL_Driver/Src/stm32f4xx_hal_sd.d" -MT"Drivers/STM32F4xx_HAL_Driver/Src/stm32f4xx_hal_sd.o" -o "Drivers/STM32F4xx_HAL_Driver/Src/stm32f4xx_hal_sd.o" "../Drivers/STM32F4xx_HAL_Driver/Src/stm32f4xx_hal_sd.c"
Finished building: ../Drivers/STM32F4xx_HAL_Driver/Src/stm32f4xx_hal_sd.c
 
Building file: ../Drivers/STM32F4xx_HAL_Driver/Src/stm32f4xx_hal_tim.c
Invoking: MCU GCC Compiler
E:\Workspace\STM32WBworkspace\MasteringMCU2\AC6\R\MasteringMCU2\SDIO_FATFS\Debug
arm-none-eabi-gcc -mcpu=cortex-m4 -mthumb -mfloat-abi=hard -mfpu=fpv4-sp-d16 '-D__weak=__attribute__((weak))' '-D__packed=__attribute__((__packed__))' -DUSE_HAL_DRIVER -DSTM32F446xx -I"E:/Workspace/STM32WBworkspace/MasteringMCU2/AC6/R/MasteringMCU2/SDIO_FATFS/Inc" -I"E:/Workspace/STM32WBworkspace/MasteringMCU2/AC6/R/MasteringMCU2/SDIO_FATFS/Drivers/STM32F4xx_HAL_Driver/Inc" -I"E:/Workspace/STM32WBworkspace/MasteringMCU2/AC6/R/MasteringMCU2/SDIO_FATFS/Drivers/STM32F4xx_HAL_Driver/Inc/Legacy" -I"E:/Workspace/STM32WBworkspace/MasteringMCU2/AC6/R/MasteringMCU2/SDIO_FATFS/Drivers/CMSIS/Device/ST/STM32F4xx/Include" -I"E:/Workspace/STM32WBworkspace/MasteringMCU2/AC6/R/MasteringMCU2/SDIO_FATFS/Middlewares/Third_Party/FatFs/src" -I"E:/Workspace/STM32WBworkspace/MasteringMCU2/AC6/R/MasteringMCU2/SDIO_FATFS/Drivers/CMSIS/Include"  -Og -g3 -Wall -fmessage-length=0 -ffunction-sections -c -fmessage-length=0 -MMD -MP -MF"Drivers/STM32F4xx_HAL_Driver/Src/stm32f4xx_hal_tim.d" -MT"Drivers/STM32F4xx_HAL_Driver/Src/stm32f4xx_hal_tim.o" -o "Drivers/STM32F4xx_HAL_Driver/Src/stm32f4xx_hal_tim.o" "../Drivers/STM32F4xx_HAL_Driver/Src/stm32f4xx_hal_tim.c"
Finished building: ../Drivers/STM32F4xx_HAL_Driver/Src/stm32f4xx_hal_tim.c
 
Building file: ../Drivers/STM32F4xx_HAL_Driver/Src/stm32f4xx_hal_tim_ex.c
Invoking: MCU GCC Compiler
E:\Workspace\STM32WBworkspace\MasteringMCU2\AC6\R\MasteringMCU2\SDIO_FATFS\Debug
arm-none-eabi-gcc -mcpu=cortex-m4 -mthumb -mfloat-abi=hard -mfpu=fpv4-sp-d16 '-D__weak=__attribute__((weak))' '-D__packed=__attribute__((__packed__))' -DUSE_HAL_DRIVER -DSTM32F446xx -I"E:/Workspace/STM32WBworkspace/MasteringMCU2/AC6/R/MasteringMCU2/SDIO_FATFS/Inc" -I"E:/Workspace/STM32WBworkspace/MasteringMCU2/AC6/R/MasteringMCU2/SDIO_FATFS/Drivers/STM32F4xx_HAL_Driver/Inc" -I"E:/Workspace/STM32WBworkspace/MasteringMCU2/AC6/R/MasteringMCU2/SDIO_FATFS/Drivers/STM32F4xx_HAL_Driver/Inc/Legacy" -I"E:/Workspace/STM32WBworkspace/MasteringMCU2/AC6/R/MasteringMCU2/SDIO_FATFS/Drivers/CMSIS/Device/ST/STM32F4xx/Include" -I"E:/Workspace/STM32WBworkspace/MasteringMCU2/AC6/R/MasteringMCU2/SDIO_FATFS/Middlewares/Third_Party/FatFs/src" -I"E:/Workspace/STM32WBworkspace/MasteringMCU2/AC6/R/MasteringMCU2/SDIO_FATFS/Drivers/CMSIS/Include"  -Og -g3 -Wall -fmessage-length=0 -ffunction-sections -c -fmessage-length=0 -MMD -MP -MF"Drivers/STM32F4xx_HAL_Driver/Src/stm32f4xx_hal_tim_ex.d" -MT"Drivers/STM32F4xx_HAL_Driver/Src/stm32f4xx_hal_tim_ex.o" -o "Drivers/STM32F4xx_HAL_Driver/Src/stm32f4xx_hal_tim_ex.o" "../Drivers/STM32F4xx_HAL_Driver/Src/stm32f4xx_hal_tim_ex.c"
Finished building: ../Drivers/STM32F4xx_HAL_Driver/Src/stm32f4xx_hal_tim_ex.c
 
Building file: ../Drivers/STM32F4xx_HAL_Driver/Src/stm32f4xx_hal_uart.c
Invoking: MCU GCC Compiler
E:\Workspace\STM32WBworkspace\MasteringMCU2\AC6\R\MasteringMCU2\SDIO_FATFS\Debug
arm-none-eabi-gcc -mcpu=cortex-m4 -mthumb -mfloat-abi=hard -mfpu=fpv4-sp-d16 '-D__weak=__attribute__((weak))' '-D__packed=__attribute__((__packed__))' -DUSE_HAL_DRIVER -DSTM32F446xx -I"E:/Workspace/STM32WBworkspace/MasteringMCU2/AC6/R/MasteringMCU2/SDIO_FATFS/Inc" -I"E:/Workspace/STM32WBworkspace/MasteringMCU2/AC6/R/MasteringMCU2/SDIO_FATFS/Drivers/STM32F4xx_HAL_Driver/Inc" -I"E:/Workspace/STM32WBworkspace/MasteringMCU2/AC6/R/MasteringMCU2/SDIO_FATFS/Drivers/STM32F4xx_HAL_Driver/Inc/Legacy" -I"E:/Workspace/STM32WBworkspace/MasteringMCU2/AC6/R/MasteringMCU2/SDIO_FATFS/Drivers/CMSIS/Device/ST/STM32F4xx/Include" -I"E:/Workspace/STM32WBworkspace/MasteringMCU2/AC6/R/MasteringMCU2/SDIO_FATFS/Middlewares/Third_Party/FatFs/src" -I"E:/Workspace/STM32WBworkspace/MasteringMCU2/AC6/R/MasteringMCU2/SDIO_FATFS/Drivers/CMSIS/Include"  -Og -g3 -Wall -fmessage-length=0 -ffunction-sections -c -fmessage-length=0 -MMD -MP -MF"Drivers/STM32F4xx_HAL_Driver/Src/stm32f4xx_hal_uart.d" -MT"Drivers/STM32F4xx_HAL_Driver/Src/stm32f4xx_hal_uart.o" -o "Drivers/STM32F4xx_HAL_Driver/Src/stm32f4xx_hal_uart.o" "../Drivers/STM32F4xx_HAL_Driver/Src/stm32f4xx_hal_uart.c"
Finished building: ../Drivers/STM32F4xx_HAL_Driver/Src/stm32f4xx_hal_uart.c
 
Building file: ../Drivers/STM32F4xx_HAL_Driver/Src/stm32f4xx_ll_sdmmc.c
Invoking: MCU GCC Compiler
E:\Workspace\STM32WBworkspace\MasteringMCU2\AC6\R\MasteringMCU2\SDIO_FATFS\Debug
arm-none-eabi-gcc -mcpu=cortex-m4 -mthumb -mfloat-abi=hard -mfpu=fpv4-sp-d16 '-D__weak=__attribute__((weak))' '-D__packed=__attribute__((__packed__))' -DUSE_HAL_DRIVER -DSTM32F446xx -I"E:/Workspace/STM32WBworkspace/MasteringMCU2/AC6/R/MasteringMCU2/SDIO_FATFS/Inc" -I"E:/Workspace/STM32WBworkspace/MasteringMCU2/AC6/R/MasteringMCU2/SDIO_FATFS/Drivers/STM32F4xx_HAL_Driver/Inc" -I"E:/Workspace/STM32WBworkspace/MasteringMCU2/AC6/R/MasteringMCU2/SDIO_FATFS/Drivers/STM32F4xx_HAL_Driver/Inc/Legacy" -I"E:/Workspace/STM32WBworkspace/MasteringMCU2/AC6/R/MasteringMCU2/SDIO_FATFS/Drivers/CMSIS/Device/ST/STM32F4xx/Include" -I"E:/Workspace/STM32WBworkspace/MasteringMCU2/AC6/R/MasteringMCU2/SDIO_FATFS/Middlewares/Third_Party/FatFs/src" -I"E:/Workspace/STM32WBworkspace/MasteringMCU2/AC6/R/MasteringMCU2/SDIO_FATFS/Drivers/CMSIS/Include"  -Og -g3 -Wall -fmessage-length=0 -ffunction-sections -c -fmessage-length=0 -MMD -MP -MF"Drivers/STM32F4xx_HAL_Driver/Src/stm32f4xx_ll_sdmmc.d" -MT"Drivers/STM32F4xx_HAL_Driver/Src/stm32f4xx_ll_sdmmc.o" -o "Drivers/STM32F4xx_HAL_Driver/Src/stm32f4xx_ll_sdmmc.o" "../Drivers/STM32F4xx_HAL_Driver/Src/stm32f4xx_ll_sdmmc.c"
Finished building: ../Drivers/STM32F4xx_HAL_Driver/Src/stm32f4xx_ll_sdmmc.c
 
Building target: SDIO_FATFS.elf
Invoking: MCU GCC Linker
arm-none-eabi-gcc -mcpu=cortex-m4 -mthumb -mfloat-abi=hard -mfpu=fpv4-sp-d16 -specs=nosys.specs -specs=nano.specs -T"../STM32F446RETx_FLASH.ld" -Wl,-Map=output.map -Wl,--gc-sections -o "SDIO_FATFS.elf" @"objects.list"   -lm
Finished building target: SDIO_FATFS.elf
 
make --no-print-directory post-build
Generating binary and Printing size information:
arm-none-eabi-objcopy -O binary "SDIO_FATFS.elf" "SDIO_FATFS.bin"
arm-none-eabi-size "SDIO_FATFS.elf"
   text	   data	    bss	    dec	    hex	filename
  11720	     24	   2912	  14656	   3940	SDIO_FATFS.elf
 

14:41:23 Build Finished (took 30s.272ms)

